18:26:32 **** Incremental Build of configuration Debug for project Lab2 ****
make -j4 all 
arm-none-eabi-size   Lab2.elf 
   text	   data	    bss	    dec	    hex	filename
  11984	    152	   1672	  13808	   35f0	Lab2.elf
Finished building: default.size.stdout
 
18:26:36 **** Incremental Build of configuration Debug for project Lab2 ****
make -j4 all 
arm-none-eabi-size   Lab2.elf 
   text	   data	    bss	    dec	    hex	filename
  11984	    152	   1672	  13808	   35f0	Lab2.elf
Finished building: default.size.stdout
 
18:27:31 **** Incremental Build of configuration Debug for project Lab2 ****
make -j4 all 
arm-none-eabi-gcc "../Core/Src/main.c" -mcpu=cortex-m4 -std=gnu11 -g3 -DUSE_HAL_DRIVER -DSTM32F411xE -DDEBUG -c -I../Core/Inc -I../Drivers/STM32F4xx_HAL_Driver/Inc -I../Drivers/STM32F4xx_HAL_Driver/Inc/Legacy -I../Drivers/CMSIS/Device/ST/STM32F4xx/Include -I../Drivers/CMSIS/Include -O0 -ffunction-sections -fdata-sections -Wall -fstack-usage -MMD -MP -MF"Core/Src/main.d" -MT"Core/Src/main.o" --specs=nano.specs -mfpu=fpv4-sp-d16 -mfloat-abi=hard -mthumb -o "Core/Src/main.o"
../Core/Src/main.c: In function 'main':
../Core/Src/main.c:104:5: warning: implicit declaration of function 'buttonMatrix' [-Wimplicit-function-declaration]
     buttonMatrix();
     ^~~~~~~~~~~~
../Core/Src/main.c:117:16: warning: unused variable 'CodeStore' [-Wunused-variable]
       uint16_t CodeStore[11] = {0};
                ^~~~~~~~~
../Core/Src/main.c: At top level:
../Core/Src/main.c:291:8: warning: conflicting types for 'buttonMatrix'
   void buttonMatrix() {
        ^~~~~~~~~~~~
../Core/Src/main.c:104:5: note: previous implicit declaration of 'buttonMatrix' was here
     buttonMatrix();
     ^~~~~~~~~~~~
arm-none-eabi-g++ -o "Lab2.elf" @"objects.list"   -mcpu=cortex-m4 -T"C:\Users\Pakap\OneDrive\desktop\FRA222\FRA222\Lab2\STM32F411RETX_FLASH.ld" --specs=nosys.specs -Wl,-Map="Lab2.map" -Wl,--gc-sections -static --specs=nano.specs -mfpu=fpv4-sp-d16 -mfloat-abi=hard -mthumb -Wl,--start-group -lc -lm -lstdc++ -lsupc++ -Wl,--end-group
Finished building target: Lab2.elf
 
arm-none-eabi-objdump -h -S  Lab2.elf  > "Lab2.list"
arm-none-eabi-objcopy  -O binary  Lab2.elf  "Lab2.bin"
arm-none-eabi-size   Lab2.elf 
   text	   data	    bss	    dec	    hex	filename
  12312	    200	   1680	  14192	   3770	Lab2.elf
Finished building: default.size.stdout
 
Finished building: Lab2.bin
Finished building: Lab2.list
 
 
18:28:45 **** Incremental Build of configuration Debug for project Lab2 ****
make -j4 all 
arm-none-eabi-size   Lab2.elf 
   text	   data	    bss	    dec	    hex	filename
  12312	    200	   1680	  14192	   3770	Lab2.elf
Finished building: default.size.stdout
 
18:30:20 **** Incremental Build of configuration Debug for project Lab2 ****
make -j4 all 
arm-none-eabi-gcc "../Core/Src/main.c" -mcpu=cortex-m4 -std=gnu11 -g3 -DUSE_HAL_DRIVER -DSTM32F411xE -DDEBUG -c -I../Core/Inc -I../Drivers/STM32F4xx_HAL_Driver/Inc -I../Drivers/STM32F4xx_HAL_Driver/Inc/Legacy -I../Drivers/CMSIS/Device/ST/STM32F4xx/Include -I../Drivers/CMSIS/Include -O0 -ffunction-sections -fdata-sections -Wall -fstack-usage -MMD -MP -MF"Core/Src/main.d" -MT"Core/Src/main.o" --specs=nano.specs -mfpu=fpv4-sp-d16 -mfloat-abi=hard -mthumb -o "Core/Src/main.o"
../Core/Src/main.c: In function 'main':
../Core/Src/main.c:104:5: warning: implicit declaration of function 'buttonMatrix' [-Wimplicit-function-declaration]
     buttonMatrix();
     ^~~~~~~~~~~~
../Core/Src/main.c:117:16: warning: unused variable 'CodeStore' [-Wunused-variable]
       uint16_t CodeStore[11] = {0};
                ^~~~~~~~~
../Core/Src/main.c: At top level:
../Core/Src/main.c:291:8: warning: conflicting types for 'buttonMatrix'
   void buttonMatrix() {
        ^~~~~~~~~~~~
../Core/Src/main.c:104:5: note: previous implicit declaration of 'buttonMatrix' was here
     buttonMatrix();
     ^~~~~~~~~~~~
arm-none-eabi-g++ -o "Lab2.elf" @"objects.list"   -mcpu=cortex-m4 -T"C:\Users\Pakap\OneDrive\desktop\FRA222\FRA222\Lab2\STM32F411RETX_FLASH.ld" --specs=nosys.specs -Wl,-Map="Lab2.map" -Wl,--gc-sections -static --specs=nano.specs -mfpu=fpv4-sp-d16 -mfloat-abi=hard -mthumb -Wl,--start-group -lc -lm -lstdc++ -lsupc++ -Wl,--end-group
Finished building target: Lab2.elf
 
arm-none-eabi-objdump -h -S  Lab2.elf  > "Lab2.list"
arm-none-eabi-objcopy  -O binary  Lab2.elf  "Lab2.bin"
arm-none-eabi-size   Lab2.elf 
   text	   data	    bss	    dec	    hex	filename
  12304	    200	   1680	  14184	   3768	Lab2.elf
Finished building: default.size.stdout
Finished building: Lab2.bin
Finished building: Lab2.list
 
 
 
18:32:07 **** Incremental Build of configuration Debug for project Lab2 ****
make -j4 all 
arm-none-eabi-gcc "../Core/Src/main.c" -mcpu=cortex-m4 -std=gnu11 -g3 -DUSE_HAL_DRIVER -DSTM32F411xE -DDEBUG -c -I../Core/Inc -I../Drivers/STM32F4xx_HAL_Driver/Inc -I../Drivers/STM32F4xx_HAL_Driver/Inc/Legacy -I../Drivers/CMSIS/Device/ST/STM32F4xx/Include -I../Drivers/CMSIS/Include -O0 -ffunction-sections -fdata-sections -Wall -fstack-usage -MMD -MP -MF"Core/Src/main.d" -MT"Core/Src/main.o" --specs=nano.specs -mfpu=fpv4-sp-d16 -mfloat-abi=hard -mthumb -o "Core/Src/main.o"
../Core/Src/main.c: In function 'main':
../Core/Src/main.c:104:5: warning: implicit declaration of function 'buttonMatrix' [-Wimplicit-function-declaration]
     buttonMatrix();
     ^~~~~~~~~~~~
../Core/Src/main.c:117:16: warning: unused variable 'CodeStore' [-Wunused-variable]
       uint16_t CodeStore[11] = {0};
                ^~~~~~~~~
../Core/Src/main.c: At top level:
../Core/Src/main.c:291:8: warning: conflicting types for 'buttonMatrix'
   void buttonMatrix() {
        ^~~~~~~~~~~~
../Core/Src/main.c:104:5: note: previous implicit declaration of 'buttonMatrix' was here
     buttonMatrix();
     ^~~~~~~~~~~~
arm-none-eabi-g++ -o "Lab2.elf" @"objects.list"   -mcpu=cortex-m4 -T"C:\Users\Pakap\OneDrive\desktop\FRA222\FRA222\Lab2\STM32F411RETX_FLASH.ld" --specs=nosys.specs -Wl,-Map="Lab2.map" -Wl,--gc-sections -static --specs=nano.specs -mfpu=fpv4-sp-d16 -mfloat-abi=hard -mthumb -Wl,--start-group -lc -lm -lstdc++ -lsupc++ -Wl,--end-group
Finished building target: Lab2.elf
 
arm-none-eabi-objdump -h -S  Lab2.elf  > "Lab2.list"
arm-none-eabi-objcopy  -O binary  Lab2.elf  "Lab2.bin"
arm-none-eabi-size   Lab2.elf 
   text	   data	    bss	    dec	    hex	filename
  12312	    200	   1680	  14192	   3770	Lab2.elf
Finished building: default.size.stdout
Finished building: Lab2.bin
 
Finished building: Lab2.list
 
 
19:30:16 **** Incremental Build of configuration Debug for project Lab2 ****
make -j4 all 
arm-none-eabi-size   Lab2.elf 
   text	   data	    bss	    dec	    hex	filename
  12312	    200	   1680	  14192	   3770	Lab2.elf
Finished building: default.size.stdout
 
19:31:12 **** Incremental Build of configuration Debug for project Lab2 ****
make -j4 all 
arm-none-eabi-gcc "../Core/Src/main.c" -mcpu=cortex-m4 -std=gnu11 -g3 -DUSE_HAL_DRIVER -DSTM32F411xE -DDEBUG -c -I../Core/Inc -I../Drivers/STM32F4xx_HAL_Driver/Inc -I../Drivers/STM32F4xx_HAL_Driver/Inc/Legacy -I../Drivers/CMSIS/Device/ST/STM32F4xx/Include -I../Drivers/CMSIS/Include -O0 -ffunction-sections -fdata-sections -Wall -fstack-usage -MMD -MP -MF"Core/Src/main.d" -MT"Core/Src/main.o" --specs=nano.specs -mfpu=fpv4-sp-d16 -mfloat-abi=hard -mthumb -o "Core/Src/main.o"
../Core/Src/main.c: In function 'main':
../Core/Src/main.c:104:5: warning: implicit declaration of function 'buttonMatrix' [-Wimplicit-function-declaration]
     buttonMatrix();
     ^~~~~~~~~~~~
../Core/Src/main.c:117:16: warning: unused variable 'CodeStore' [-Wunused-variable]
       uint16_t CodeStore[11] = {0};
                ^~~~~~~~~
../Core/Src/main.c: At top level:
../Core/Src/main.c:291:8: warning: conflicting types for 'buttonMatrix'
   void buttonMatrix() {
        ^~~~~~~~~~~~
../Core/Src/main.c:104:5: note: previous implicit declaration of 'buttonMatrix' was here
     buttonMatrix();
     ^~~~~~~~~~~~
arm-none-eabi-g++ -o "Lab2.elf" @"objects.list"   -mcpu=cortex-m4 -T"C:\Users\Pakap\OneDrive\desktop\FRA222\FRA222\Lab2\STM32F411RETX_FLASH.ld" --specs=nosys.specs -Wl,-Map="Lab2.map" -Wl,--gc-sections -static --specs=nano.specs -mfpu=fpv4-sp-d16 -mfloat-abi=hard -mthumb -Wl,--start-group -lc -lm -lstdc++ -lsupc++ -Wl,--end-group
Finished building target: Lab2.elf
 
arm-none-eabi-objdump -h -S  Lab2.elf  > "Lab2.list"
arm-none-eabi-objcopy  -O binary  Lab2.elf  "Lab2.bin"
arm-none-eabi-size   Lab2.elf 
   text	   data	    bss	    dec	    hex	filename
  12312	    200	   1680	  14192	   3770	Lab2.elf
Finished building: default.size.stdout
 
Finished building: Lab2.bin
Finished building: Lab2.list
 
 
19:32:43 **** Incremental Build of configuration Debug for project Lab2 ****
make -j4 all 
arm-none-eabi-gcc "../Core/Src/main.c" -mcpu=cortex-m4 -std=gnu11 -g3 -DUSE_HAL_DRIVER -DSTM32F411xE -DDEBUG -c -I../Core/Inc -I../Drivers/STM32F4xx_HAL_Driver/Inc -I../Drivers/STM32F4xx_HAL_Driver/Inc/Legacy -I../Drivers/CMSIS/Device/ST/STM32F4xx/Include -I../Drivers/CMSIS/Include -O0 -ffunction-sections -fdata-sections -Wall -fstack-usage -MMD -MP -MF"Core/Src/main.d" -MT"Core/Src/main.o" --specs=nano.specs -mfpu=fpv4-sp-d16 -mfloat-abi=hard -mthumb -o "Core/Src/main.o"
In file included from ../Core/Src/main.c:25:0:
../Core/Src/main.c:53:15: error: initializer element is not constant
 int address = log2(ButtonMatrixState);
               ^
../Core/Src/main.c: In function 'main':
../Core/Src/main.c:105:5: warning: implicit declaration of function 'buttonMatrix' [-Wimplicit-function-declaration]
     buttonMatrix();
     ^~~~~~~~~~~~
../Core/Src/main.c:117:16: warning: unused variable 'CodeStore' [-Wunused-variable]
       uint16_t CodeStore[11] = {0};
                ^~~~~~~~~
../Core/Src/main.c: At top level:
../Core/Src/main.c:291:8: warning: conflicting types for 'buttonMatrix'
   void buttonMatrix() {
        ^~~~~~~~~~~~
../Core/Src/main.c:105:5: note: previous implicit declaration of 'buttonMatrix' was here
     buttonMatrix();
     ^~~~~~~~~~~~
make: *** [Core/Src/subdir.mk:33: Core/Src/main.o] Error 1
"make -j4 all" terminated with exit code 2. Build might be incomplete.
19:33:38 **** Incremental Build of configuration Debug for project Lab2 ****
make -j4 all 
arm-none-eabi-gcc "../Core/Src/main.c" -mcpu=cortex-m4 -std=gnu11 -g3 -DUSE_HAL_DRIVER -DSTM32F411xE -DDEBUG -c -I../Core/Inc -I../Drivers/STM32F4xx_HAL_Driver/Inc -I../Drivers/STM32F4xx_HAL_Driver/Inc/Legacy -I../Drivers/CMSIS/Device/ST/STM32F4xx/Include -I../Drivers/CMSIS/Include -O0 -ffunction-sections -fdata-sections -Wall -fstack-usage -MMD -MP -MF"Core/Src/main.d" -MT"Core/Src/main.o" --specs=nano.specs -mfpu=fpv4-sp-d16 -mfloat-abi=hard -mthumb -o "Core/Src/main.o"
In file included from ../Core/Src/main.c:25:0:
../Core/Src/main.c:53:15: error: initializer element is not constant
 int address = log2(ButtonMatrixState);
               ^
../Core/Src/main.c: In function 'main':
../Core/Src/main.c:105:5: warning: implicit declaration of function 'buttonMatrix' [-Wimplicit-function-declaration]
     buttonMatrix();
     ^~~~~~~~~~~~
../Core/Src/main.c:118:16: warning: unused variable 'CodeStore' [-Wunused-variable]
       uint16_t CodeStore[11] = {0};
                ^~~~~~~~~
../Core/Src/main.c: At top level:
../Core/Src/main.c:292:8: warning: conflicting types for 'buttonMatrix'
   void buttonMatrix() {
        ^~~~~~~~~~~~
../Core/Src/main.c:105:5: note: previous implicit declaration of 'buttonMatrix' was here
     buttonMatrix();
     ^~~~~~~~~~~~
make: *** [Core/Src/subdir.mk:33: Core/Src/main.o] Error 1
"make -j4 all" terminated with exit code 2. Build might be incomplete.
19:39:01 **** Incremental Build of configuration Debug for project Lab2 ****
make -j4 all 
arm-none-eabi-gcc "../Core/Src/main.c" -mcpu=cortex-m4 -std=gnu11 -g3 -DUSE_HAL_DRIVER -DSTM32F411xE -DDEBUG -c -I../Core/Inc -I../Drivers/STM32F4xx_HAL_Driver/Inc -I../Drivers/STM32F4xx_HAL_Driver/Inc/Legacy -I../Drivers/CMSIS/Device/ST/STM32F4xx/Include -I../Drivers/CMSIS/Include -O0 -ffunction-sections -fdata-sections -Wall -fstack-usage -MMD -MP -MF"Core/Src/main.d" -MT"Core/Src/main.o" --specs=nano.specs -mfpu=fpv4-sp-d16 -mfloat-abi=hard -mthumb -o "Core/Src/main.o"
../Core/Src/main.c: In function 'main':
../Core/Src/main.c:104:5: warning: implicit declaration of function 'buttonMatrix' [-Wimplicit-function-declaration]
     buttonMatrix();
     ^~~~~~~~~~~~
../Core/Src/main.c:117:16: warning: unused variable 'CodeStore' [-Wunused-variable]
       uint16_t CodeStore[11] = {0};
                ^~~~~~~~~
../Core/Src/main.c: At top level:
../Core/Src/main.c:291:8: warning: conflicting types for 'buttonMatrix'
   void buttonMatrix() {
        ^~~~~~~~~~~~
../Core/Src/main.c:104:5: note: previous implicit declaration of 'buttonMatrix' was here
     buttonMatrix();
     ^~~~~~~~~~~~
arm-none-eabi-g++ -o "Lab2.elf" @"objects.list"   -mcpu=cortex-m4 -T"C:\Users\Pakap\OneDrive\desktop\FRA222\FRA222\Lab2\STM32F411RETX_FLASH.ld" --specs=nosys.specs -Wl,-Map="Lab2.map" -Wl,--gc-sections -static --specs=nano.specs -mfpu=fpv4-sp-d16 -mfloat-abi=hard -mthumb -Wl,--start-group -lc -lm -lstdc++ -lsupc++ -Wl,--end-group
Finished building target: Lab2.elf
 
arm-none-eabi-objdump -h -S  Lab2.elf  > "Lab2.list"
arm-none-eabi-objcopy  -O binary  Lab2.elf  "Lab2.bin"
arm-none-eabi-size   Lab2.elf 
   text	   data	    bss	    dec	    hex	filename
  12312	    200	   1680	  14192	   3770	Lab2.elf
Finished building: default.size.stdout
Finished building: Lab2.bin
Finished building: Lab2.list
 
 
 
19:39:18 **** Incremental Build of configuration Debug for project Lab2 ****
make -j4 all 
arm-none-eabi-size   Lab2.elf 
   text	   data	    bss	    dec	    hex	filename
  12312	    200	   1680	  14192	   3770	Lab2.elf
Finished building: default.size.stdout
 
19:40:47 **** Incremental Build of configuration Debug for project Lab2 ****
make -j4 all 
arm-none-eabi-gcc "../Core/Src/main.c" -mcpu=cortex-m4 -std=gnu11 -g3 -DUSE_HAL_DRIVER -DSTM32F411xE -DDEBUG -c -I../Core/Inc -I../Drivers/STM32F4xx_HAL_Driver/Inc -I../Drivers/STM32F4xx_HAL_Driver/Inc/Legacy -I../Drivers/CMSIS/Device/ST/STM32F4xx/Include -I../Drivers/CMSIS/Include -O0 -ffunction-sections -fdata-sections -Wall -fstack-usage -MMD -MP -MF"Core/Src/main.d" -MT"Core/Src/main.o" --specs=nano.specs -mfpu=fpv4-sp-d16 -mfloat-abi=hard -mthumb -o "Core/Src/main.o"
../Core/Src/main.c: In function 'main':
../Core/Src/main.c:104:5: warning: implicit declaration of function 'buttonMatrix' [-Wimplicit-function-declaration]
     buttonMatrix();
     ^~~~~~~~~~~~
../Core/Src/main.c:117:16: warning: unused variable 'CodeStore' [-Wunused-variable]
       uint16_t CodeStore[11] = {0};
                ^~~~~~~~~
../Core/Src/main.c: At top level:
../Core/Src/main.c:291:8: warning: conflicting types for 'buttonMatrix'
   void buttonMatrix() {
        ^~~~~~~~~~~~
../Core/Src/main.c:104:5: note: previous implicit declaration of 'buttonMatrix' was here
     buttonMatrix();
     ^~~~~~~~~~~~
arm-none-eabi-g++ -o "Lab2.elf" @"objects.list"   -mcpu=cortex-m4 -T"C:\Users\Pakap\OneDrive\desktop\FRA222\FRA222\Lab2\STM32F411RETX_FLASH.ld" --specs=nosys.specs -Wl,-Map="Lab2.map" -Wl,--gc-sections -static --specs=nano.specs -mfpu=fpv4-sp-d16 -mfloat-abi=hard -mthumb -Wl,--start-group -lc -lm -lstdc++ -lsupc++ -Wl,--end-group
Finished building target: Lab2.elf
 
arm-none-eabi-objdump -h -S  Lab2.elf  > "Lab2.list"
arm-none-eabi-objcopy  -O binary  Lab2.elf  "Lab2.bin"
arm-none-eabi-size   Lab2.elf 
   text	   data	    bss	    dec	    hex	filename
  12328	    200	   1680	  14208	   3780	Lab2.elf
Finished building: default.size.stdout
Finished building: Lab2.bin
 
Finished building: Lab2.list
 
 
19:53:17 **** Incremental Build of configuration Debug for project Lab2 ****
make -j4 all 
arm-none-eabi-gcc "../Core/Src/main.c" -mcpu=cortex-m4 -std=gnu11 -g3 -DUSE_HAL_DRIVER -DSTM32F411xE -DDEBUG -c -I../Core/Inc -I../Drivers/STM32F4xx_HAL_Driver/Inc -I../Drivers/STM32F4xx_HAL_Driver/Inc/Legacy -I../Drivers/CMSIS/Device/ST/STM32F4xx/Include -I../Drivers/CMSIS/Include -O0 -ffunction-sections -fdata-sections -Wall -fstack-usage -MMD -MP -MF"Core/Src/main.d" -MT"Core/Src/main.o" --specs=nano.specs -mfpu=fpv4-sp-d16 -mfloat-abi=hard -mthumb -o "Core/Src/main.o"
../Core/Src/main.c: In function 'main':
../Core/Src/main.c:105:5: warning: implicit declaration of function 'buttonMatrix' [-Wimplicit-function-declaration]
     buttonMatrix();
     ^~~~~~~~~~~~
../Core/Src/main.c:119:16: warning: unused variable 'CodeStore' [-Wunused-variable]
       uint16_t CodeStore[11] = {0};
                ^~~~~~~~~
../Core/Src/main.c: At top level:
../Core/Src/main.c:302:8: warning: conflicting types for 'buttonMatrix'
   void buttonMatrix() {
        ^~~~~~~~~~~~
../Core/Src/main.c:105:5: note: previous implicit declaration of 'buttonMatrix' was here
     buttonMatrix();
     ^~~~~~~~~~~~
arm-none-eabi-g++ -o "Lab2.elf" @"objects.list"   -mcpu=cortex-m4 -T"C:\Users\Pakap\OneDrive\desktop\FRA222\FRA222\Lab2\STM32F411RETX_FLASH.ld" --specs=nosys.specs -Wl,-Map="Lab2.map" -Wl,--gc-sections -static --specs=nano.specs -mfpu=fpv4-sp-d16 -mfloat-abi=hard -mthumb -Wl,--start-group -lc -lm -lstdc++ -lsupc++ -Wl,--end-group
Finished building target: Lab2.elf
 
arm-none-eabi-objdump -h -S  Lab2.elf  > "Lab2.list"
arm-none-eabi-objcopy  -O binary  Lab2.elf  "Lab2.bin"
arm-none-eabi-size   Lab2.elf 
   text	   data	    bss	    dec	    hex	filename
  12416	    224	   1680	  14320	   37f0	Lab2.elf
Finished building: default.size.stdout
Finished building: Lab2.list
Finished building: Lab2.bin
 
 
 
19:53:26 **** Incremental Build of configuration Debug for project Lab2 ****
make -j4 all 
arm-none-eabi-size   Lab2.elf 
   text	   data	    bss	    dec	    hex	filename
  12416	    224	   1680	  14320	   37f0	Lab2.elf
Finished building: default.size.stdout
 
19:56:50 **** Incremental Build of configuration Debug for project Lab2 ****
make -j4 all 
arm-none-eabi-gcc "../Core/Src/main.c" -mcpu=cortex-m4 -std=gnu11 -g3 -DUSE_HAL_DRIVER -DSTM32F411xE -DDEBUG -c -I../Core/Inc -I../Drivers/STM32F4xx_HAL_Driver/Inc -I../Drivers/STM32F4xx_HAL_Driver/Inc/Legacy -I../Drivers/CMSIS/Device/ST/STM32F4xx/Include -I../Drivers/CMSIS/Include -O0 -ffunction-sections -fdata-sections -Wall -fstack-usage -MMD -MP -MF"Core/Src/main.d" -MT"Core/Src/main.o" --specs=nano.specs -mfpu=fpv4-sp-d16 -mfloat-abi=hard -mthumb -o "Core/Src/main.o"
../Core/Src/main.c: In function 'main':
../Core/Src/main.c:106:5: warning: implicit declaration of function 'buttonMatrix' [-Wimplicit-function-declaration]
     buttonMatrix();
     ^~~~~~~~~~~~
../Core/Src/main.c:116:6: error: expected ';' before 'if'
      if (map[address] == 15){
      ^~
../Core/Src/main.c: At top level:
../Core/Src/main.c:303:8: warning: conflicting types for 'buttonMatrix'
   void buttonMatrix() {
        ^~~~~~~~~~~~
../Core/Src/main.c:106:5: note: previous implicit declaration of 'buttonMatrix' was here
     buttonMatrix();
     ^~~~~~~~~~~~
make: *** [Core/Src/subdir.mk:33: Core/Src/main.o] Error 1
"make -j4 all" terminated with exit code 2. Build might be incomplete.
19:56:59 **** Incremental Build of configuration Debug for project Lab2 ****
make -j4 all 
arm-none-eabi-gcc "../Core/Src/main.c" -mcpu=cortex-m4 -std=gnu11 -g3 -DUSE_HAL_DRIVER -DSTM32F411xE -DDEBUG -c -I../Core/Inc -I../Drivers/STM32F4xx_HAL_Driver/Inc -I../Drivers/STM32F4xx_HAL_Driver/Inc/Legacy -I../Drivers/CMSIS/Device/ST/STM32F4xx/Include -I../Drivers/CMSIS/Include -O0 -ffunction-sections -fdata-sections -Wall -fstack-usage -MMD -MP -MF"Core/Src/main.d" -MT"Core/Src/main.o" --specs=nano.specs -mfpu=fpv4-sp-d16 -mfloat-abi=hard -mthumb -o "Core/Src/main.o"
../Core/Src/main.c: In function 'main':
../Core/Src/main.c:106:5: warning: implicit declaration of function 'buttonMatrix' [-Wimplicit-function-declaration]
     buttonMatrix();
     ^~~~~~~~~~~~
../Core/Src/main.c:116:6: error: expected ';' before 'if'
      if (map[address] == 15){
      ^~
../Core/Src/main.c: At top level:
../Core/Src/main.c:303:8: warning: conflicting types for 'buttonMatrix'
   void buttonMatrix() {
        ^~~~~~~~~~~~
../Core/Src/main.c:106:5: note: previous implicit declaration of 'buttonMatrix' was here
     buttonMatrix();
     ^~~~~~~~~~~~
make: *** [Core/Src/subdir.mk:33: Core/Src/main.o] Error 1
"make -j4 all" terminated with exit code 2. Build might be incomplete.
19:57:19 **** Incremental Build of configuration Debug for project Lab2 ****
make -j4 all 
arm-none-eabi-gcc "../Core/Src/main.c" -mcpu=cortex-m4 -std=gnu11 -g3 -DUSE_HAL_DRIVER -DSTM32F411xE -DDEBUG -c -I../Core/Inc -I../Drivers/STM32F4xx_HAL_Driver/Inc -I../Drivers/STM32F4xx_HAL_Driver/Inc/Legacy -I../Drivers/CMSIS/Device/ST/STM32F4xx/Include -I../Drivers/CMSIS/Include -O0 -ffunction-sections -fdata-sections -Wall -fstack-usage -MMD -MP -MF"Core/Src/main.d" -MT"Core/Src/main.o" --specs=nano.specs -mfpu=fpv4-sp-d16 -mfloat-abi=hard -mthumb -o "Core/Src/main.o"
../Core/Src/main.c: In function 'main':
../Core/Src/main.c:106:5: warning: implicit declaration of function 'buttonMatrix' [-Wimplicit-function-declaration]
     buttonMatrix();
     ^~~~~~~~~~~~
../Core/Src/main.c:120:16: warning: unused variable 'CodeStore' [-Wunused-variable]
       uint16_t CodeStore[11] = {0};
                ^~~~~~~~~
../Core/Src/main.c: At top level:
../Core/Src/main.c:303:8: warning: conflicting types for 'buttonMatrix'
   void buttonMatrix() {
        ^~~~~~~~~~~~
../Core/Src/main.c:106:5: note: previous implicit declaration of 'buttonMatrix' was here
     buttonMatrix();
     ^~~~~~~~~~~~
arm-none-eabi-g++ -o "Lab2.elf" @"objects.list"   -mcpu=cortex-m4 -T"C:\Users\Pakap\OneDrive\desktop\FRA222\FRA222\Lab2\STM32F411RETX_FLASH.ld" --specs=nosys.specs -Wl,-Map="Lab2.map" -Wl,--gc-sections -static --specs=nano.specs -mfpu=fpv4-sp-d16 -mfloat-abi=hard -mthumb -Wl,--start-group -lc -lm -lstdc++ -lsupc++ -Wl,--end-group
Finished building target: Lab2.elf
 
arm-none-eabi-objdump -h -S  Lab2.elf  > "Lab2.list"
arm-none-eabi-objcopy  -O binary  Lab2.elf  "Lab2.bin"
arm-none-eabi-size   Lab2.elf 
   text	   data	    bss	    dec	    hex	filename
  12432	    224	   1688	  14344	   3808	Lab2.elf
Finished building: default.size.stdout
Finished building: Lab2.bin
Finished building: Lab2.list
 
 
 
19:59:37 **** Incremental Build of configuration Debug for project Lab2 ****
make -j4 all 
arm-none-eabi-gcc "../Core/Src/main.c" -mcpu=cortex-m4 -std=gnu11 -g3 -DUSE_HAL_DRIVER -DSTM32F411xE -DDEBUG -c -I../Core/Inc -I../Drivers/STM32F4xx_HAL_Driver/Inc -I../Drivers/STM32F4xx_HAL_Driver/Inc/Legacy -I../Drivers/CMSIS/Device/ST/STM32F4xx/Include -I../Drivers/CMSIS/Include -O0 -ffunction-sections -fdata-sections -Wall -fstack-usage -MMD -MP -MF"Core/Src/main.d" -MT"Core/Src/main.o" --specs=nano.specs -mfpu=fpv4-sp-d16 -mfloat-abi=hard -mthumb -o "Core/Src/main.o"
../Core/Src/main.c: In function 'main':
../Core/Src/main.c:106:5: warning: implicit declaration of function 'buttonMatrix' [-Wimplicit-function-declaration]
     buttonMatrix();
     ^~~~~~~~~~~~
../Core/Src/main.c: At top level:
../Core/Src/main.c:306:8: warning: conflicting types for 'buttonMatrix'
   void buttonMatrix() {
        ^~~~~~~~~~~~
../Core/Src/main.c:106:5: note: previous implicit declaration of 'buttonMatrix' was here
     buttonMatrix();
     ^~~~~~~~~~~~
arm-none-eabi-g++ -o "Lab2.elf" @"objects.list"   -mcpu=cortex-m4 -T"C:\Users\Pakap\OneDrive\desktop\FRA222\FRA222\Lab2\STM32F411RETX_FLASH.ld" --specs=nosys.specs -Wl,-Map="Lab2.map" -Wl,--gc-sections -static --specs=nano.specs -mfpu=fpv4-sp-d16 -mfloat-abi=hard -mthumb -Wl,--start-group -lc -lm -lstdc++ -lsupc++ -Wl,--end-group
Finished building target: Lab2.elf
 
arm-none-eabi-objdump -h -S  Lab2.elf  > "Lab2.list"
arm-none-eabi-objcopy  -O binary  Lab2.elf  "Lab2.bin"
arm-none-eabi-size   Lab2.elf 
   text	   data	    bss	    dec	    hex	filename
  12448	    224	   1688	  14360	   3818	Lab2.elf
Finished building: default.size.stdout
 
Finished building: Lab2.list
Finished building: Lab2.bin
 
 
20:00:51 **** Incremental Build of configuration Debug for project Lab2 ****
make -j4 all 
arm-none-eabi-gcc "../Core/Src/main.c" -mcpu=cortex-m4 -std=gnu11 -g3 -DUSE_HAL_DRIVER -DSTM32F411xE -DDEBUG -c -I../Core/Inc -I../Drivers/STM32F4xx_HAL_Driver/Inc -I../Drivers/STM32F4xx_HAL_Driver/Inc/Legacy -I../Drivers/CMSIS/Device/ST/STM32F4xx/Include -I../Drivers/CMSIS/Include -O0 -ffunction-sections -fdata-sections -Wall -fstack-usage -MMD -MP -MF"Core/Src/main.d" -MT"Core/Src/main.o" --specs=nano.specs -mfpu=fpv4-sp-d16 -mfloat-abi=hard -mthumb -o "Core/Src/main.o"
In file included from ../Drivers/CMSIS/Device/ST/STM32F4xx/Include/stm32f4xx.h:155:0,
                 from ../Drivers/STM32F4xx_HAL_Driver/Inc/stm32f4xx_hal_def.h:30,
                 from ../Drivers/STM32F4xx_HAL_Driver/Inc/stm32f4xx_hal_rcc.h:29,
                 from ../Core/Inc/stm32f4xx_hal_conf.h:272,
                 from ../Drivers/STM32F4xx_HAL_Driver/Inc/stm32f4xx_hal.h:30,
                 from ../Core/Inc/main.h:31,
                 from ../Core/Src/main.c:21:
../Drivers/CMSIS/Device/ST/STM32F4xx/Include/stm32f411xe.h:783:29: error: expected declaration specifiers or '...' before '(' token
 #define GPIOA               ((GPIO_TypeDef *) GPIOA_BASE)
                             ^
../Core/Src/main.c:55:19: note: in expansion of macro 'GPIOA'
 HAL_GPIO_WritePin(GPIOA, GPIO_PIN_8, GPIO_PIN_RESET);
                   ^~~~~
In file included from ../Core/Inc/stm32f4xx_hal_conf.h:276:0,
                 from ../Drivers/STM32F4xx_HAL_Driver/Inc/stm32f4xx_hal.h:30,
                 from ../Core/Inc/main.h:31,
                 from ../Core/Src/main.c:21:
../Drivers/STM32F4xx_HAL_Driver/Inc/stm32f4xx_hal_gpio.h:94:36: error: expected declaration specifiers or '...' before '(' token
 #define GPIO_PIN_8                 ((uint16_t)0x0100)  /* Pin 8 selected    */
                                    ^
../Core/Src/main.c:55:26: note: in expansion of macro 'GPIO_PIN_8'
 HAL_GPIO_WritePin(GPIOA, GPIO_PIN_8, GPIO_PIN_RESET);
                          ^~~~~~~~~~
../Core/Src/main.c:55:38: error: expected declaration specifiers or '...' before 'GPIO_PIN_RESET'
 HAL_GPIO_WritePin(GPIOA, GPIO_PIN_8, GPIO_PIN_RESET);
                                      ^~~~~~~~~~~~~~
../Core/Src/main.c: In function 'main':
../Core/Src/main.c:107:5: warning: implicit declaration of function 'buttonMatrix' [-Wimplicit-function-declaration]
     buttonMatrix();
     ^~~~~~~~~~~~
../Core/Src/main.c: At top level:
../Core/Src/main.c:307:8: warning: conflicting types for 'buttonMatrix'
   void buttonMatrix() {
        ^~~~~~~~~~~~
../Core/Src/main.c:107:5: note: previous implicit declaration of 'buttonMatrix' was here
     buttonMatrix();
     ^~~~~~~~~~~~
make: *** [Core/Src/subdir.mk:33: Core/Src/main.o] Error 1
"make -j4 all" terminated with exit code 2. Build might be incomplete.
20:01:08 **** Incremental Build of configuration Debug for project Lab2 ****
make -j4 all 
arm-none-eabi-gcc "../Core/Src/main.c" -mcpu=cortex-m4 -std=gnu11 -g3 -DUSE_HAL_DRIVER -DSTM32F411xE -DDEBUG -c -I../Core/Inc -I../Drivers/STM32F4xx_HAL_Driver/Inc -I../Drivers/STM32F4xx_HAL_Driver/Inc/Legacy -I../Drivers/CMSIS/Device/ST/STM32F4xx/Include -I../Drivers/CMSIS/Include -O0 -ffunction-sections -fdata-sections -Wall -fstack-usage -MMD -MP -MF"Core/Src/main.d" -MT"Core/Src/main.o" --specs=nano.specs -mfpu=fpv4-sp-d16 -mfloat-abi=hard -mthumb -o "Core/Src/main.o"
In file included from ../Drivers/CMSIS/Device/ST/STM32F4xx/Include/stm32f4xx.h:155:0,
                 from ../Drivers/STM32F4xx_HAL_Driver/Inc/stm32f4xx_hal_def.h:30,
                 from ../Drivers/STM32F4xx_HAL_Driver/Inc/stm32f4xx_hal_rcc.h:29,
                 from ../Core/Inc/stm32f4xx_hal_conf.h:272,
                 from ../Drivers/STM32F4xx_HAL_Driver/Inc/stm32f4xx_hal.h:30,
                 from ../Core/Inc/main.h:31,
                 from ../Core/Src/main.c:21:
../Drivers/CMSIS/Device/ST/STM32F4xx/Include/stm32f411xe.h:783:29: error: expected declaration specifiers or '...' before '(' token
 #define GPIOA               ((GPIO_TypeDef *) GPIOA_BASE)
                             ^
../Core/Src/main.c:68:19: note: in expansion of macro 'GPIOA'
 HAL_GPIO_WritePin(GPIOA, GPIO_PIN_8, GPIO_PIN_RESET);
                   ^~~~~
In file included from ../Core/Inc/stm32f4xx_hal_conf.h:276:0,
                 from ../Drivers/STM32F4xx_HAL_Driver/Inc/stm32f4xx_hal.h:30,
                 from ../Core/Inc/main.h:31,
                 from ../Core/Src/main.c:21:
../Drivers/STM32F4xx_HAL_Driver/Inc/stm32f4xx_hal_gpio.h:94:36: error: expected declaration specifiers or '...' before '(' token
 #define GPIO_PIN_8                 ((uint16_t)0x0100)  /* Pin 8 selected    */
                                    ^
../Core/Src/main.c:68:26: note: in expansion of macro 'GPIO_PIN_8'
 HAL_GPIO_WritePin(GPIOA, GPIO_PIN_8, GPIO_PIN_RESET);
                          ^~~~~~~~~~
../Core/Src/main.c:68:38: error: expected declaration specifiers or '...' before 'GPIO_PIN_RESET'
 HAL_GPIO_WritePin(GPIOA, GPIO_PIN_8, GPIO_PIN_RESET);
                                      ^~~~~~~~~~~~~~
../Core/Src/main.c: In function 'main':
../Core/Src/main.c:107:5: warning: implicit declaration of function 'buttonMatrix' [-Wimplicit-function-declaration]
     buttonMatrix();
     ^~~~~~~~~~~~
../Core/Src/main.c: At top level:
../Core/Src/main.c:307:8: warning: conflicting types for 'buttonMatrix'
   void buttonMatrix() {
        ^~~~~~~~~~~~
../Core/Src/main.c:107:5: note: previous implicit declaration of 'buttonMatrix' was here
     buttonMatrix();
     ^~~~~~~~~~~~
make: *** [Core/Src/subdir.mk:33: Core/Src/main.o] Error 1
"make -j4 all" terminated with exit code 2. Build might be incomplete.
20:02:58 **** Incremental Build of configuration Debug for project Lab2 ****
make -j4 all 
arm-none-eabi-gcc "../Core/Src/main.c" -mcpu=cortex-m4 -std=gnu11 -g3 -DUSE_HAL_DRIVER -DSTM32F411xE -DDEBUG -c -I../Core/Inc -I../Drivers/STM32F4xx_HAL_Driver/Inc -I../Drivers/STM32F4xx_HAL_Driver/Inc/Legacy -I../Drivers/CMSIS/Device/ST/STM32F4xx/Include -I../Drivers/CMSIS/Include -O0 -ffunction-sections -fdata-sections -Wall -fstack-usage -MMD -MP -MF"Core/Src/main.d" -MT"Core/Src/main.o" --specs=nano.specs -mfpu=fpv4-sp-d16 -mfloat-abi=hard -mthumb -o "Core/Src/main.o"
../Core/Src/main.c: In function 'main':
../Core/Src/main.c:108:5: warning: implicit declaration of function 'buttonMatrix' [-Wimplicit-function-declaration]
     buttonMatrix();
     ^~~~~~~~~~~~
../Core/Src/main.c: At top level:
../Core/Src/main.c:311:8: warning: conflicting types for 'buttonMatrix'
   void buttonMatrix() {
        ^~~~~~~~~~~~
../Core/Src/main.c:108:5: note: previous implicit declaration of 'buttonMatrix' was here
     buttonMatrix();
     ^~~~~~~~~~~~
arm-none-eabi-g++ -o "Lab2.elf" @"objects.list"   -mcpu=cortex-m4 -T"C:\Users\Pakap\OneDrive\desktop\FRA222\FRA222\Lab2\STM32F411RETX_FLASH.ld" --specs=nosys.specs -Wl,-Map="Lab2.map" -Wl,--gc-sections -static --specs=nano.specs -mfpu=fpv4-sp-d16 -mfloat-abi=hard -mthumb -Wl,--start-group -lc -lm -lstdc++ -lsupc++ -Wl,--end-group
Finished building target: Lab2.elf
 
arm-none-eabi-objdump -h -S  Lab2.elf  > "Lab2.list"
arm-none-eabi-objcopy  -O binary  Lab2.elf  "Lab2.bin"
arm-none-eabi-size   Lab2.elf 
   text	   data	    bss	    dec	    hex	filename
  12456	    224	   1688	  14368	   3820	Lab2.elf
Finished building: default.size.stdout
Finished building: Lab2.bin
Finished building: Lab2.list
 
 
 
20:07:35 **** Incremental Build of configuration Debug for project Lab2 ****
make -j4 all 
arm-none-eabi-size   Lab2.elf 
   text	   data	    bss	    dec	    hex	filename
  12456	    224	   1688	  14368	   3820	Lab2.elf
Finished building: default.size.stdout
 
20:10:54 **** Incremental Build of configuration Debug for project Lab2 ****
make -j4 all 
arm-none-eabi-gcc "../Core/Src/main.c" -mcpu=cortex-m4 -std=gnu11 -g3 -DUSE_HAL_DRIVER -DSTM32F411xE -DDEBUG -c -I../Core/Inc -I../Drivers/STM32F4xx_HAL_Driver/Inc -I../Drivers/STM32F4xx_HAL_Driver/Inc/Legacy -I../Drivers/CMSIS/Device/ST/STM32F4xx/Include -I../Drivers/CMSIS/Include -O0 -ffunction-sections -fdata-sections -Wall -fstack-usage -MMD -MP -MF"Core/Src/main.d" -MT"Core/Src/main.o" --specs=nano.specs -mfpu=fpv4-sp-d16 -mfloat-abi=hard -mthumb -o "Core/Src/main.o"
../Core/Src/main.c: In function 'main':
../Core/Src/main.c:108:5: warning: implicit declaration of function 'buttonMatrix' [-Wimplicit-function-declaration]
     buttonMatrix();
     ^~~~~~~~~~~~
../Core/Src/main.c: At top level:
../Core/Src/main.c:312:8: warning: conflicting types for 'buttonMatrix'
   void buttonMatrix() {
        ^~~~~~~~~~~~
../Core/Src/main.c:108:5: note: previous implicit declaration of 'buttonMatrix' was here
     buttonMatrix();
     ^~~~~~~~~~~~
arm-none-eabi-g++ -o "Lab2.elf" @"objects.list"   -mcpu=cortex-m4 -T"C:\Users\Pakap\OneDrive\desktop\FRA222\FRA222\Lab2\STM32F411RETX_FLASH.ld" --specs=nosys.specs -Wl,-Map="Lab2.map" -Wl,--gc-sections -static --specs=nano.specs -mfpu=fpv4-sp-d16 -mfloat-abi=hard -mthumb -Wl,--start-group -lc -lm -lstdc++ -lsupc++ -Wl,--end-group
Finished building target: Lab2.elf
 
arm-none-eabi-objdump -h -S  Lab2.elf  > "Lab2.list"
arm-none-eabi-objcopy  -O binary  Lab2.elf  "Lab2.bin"
arm-none-eabi-size   Lab2.elf 
   text	   data	    bss	    dec	    hex	filename
  12456	    224	   1688	  14368	   3820	Lab2.elf
Finished building: default.size.stdout
Finished building: Lab2.bin
 
Finished building: Lab2.list
 
 
20:14:28 **** Incremental Build of configuration Debug for project Lab2 ****
make -j4 all 
arm-none-eabi-gcc "../Core/Src/main.c" -mcpu=cortex-m4 -std=gnu11 -g3 -DUSE_HAL_DRIVER -DSTM32F411xE -DDEBUG -c -I../Core/Inc -I../Drivers/STM32F4xx_HAL_Driver/Inc -I../Drivers/STM32F4xx_HAL_Driver/Inc/Legacy -I../Drivers/CMSIS/Device/ST/STM32F4xx/Include -I../Drivers/CMSIS/Include -O0 -ffunction-sections -fdata-sections -Wall -fstack-usage -MMD -MP -MF"Core/Src/main.d" -MT"Core/Src/main.o" --specs=nano.specs -mfpu=fpv4-sp-d16 -mfloat-abi=hard -mthumb -o "Core/Src/main.o"
../Core/Src/main.c: In function 'main':
../Core/Src/main.c:108:5: warning: implicit declaration of function 'buttonMatrix' [-Wimplicit-function-declaration]
     buttonMatrix();
     ^~~~~~~~~~~~
../Core/Src/main.c:113:6: error: 'x' undeclared (first use in this function)
      x = map[address];
      ^
../Core/Src/main.c:113:6: note: each undeclared identifier is reported only once for each function it appears in
../Core/Src/main.c: At top level:
../Core/Src/main.c:313:8: warning: conflicting types for 'buttonMatrix'
   void buttonMatrix() {
        ^~~~~~~~~~~~
../Core/Src/main.c:108:5: note: previous implicit declaration of 'buttonMatrix' was here
     buttonMatrix();
     ^~~~~~~~~~~~
make: *** [Core/Src/subdir.mk:33: Core/Src/main.o] Error 1
"make -j4 all" terminated with exit code 2. Build might be incomplete.
20:15:01 **** Incremental Build of configuration Debug for project Lab2 ****
make -j4 all 
arm-none-eabi-gcc "../Core/Src/main.c" -mcpu=cortex-m4 -std=gnu11 -g3 -DUSE_HAL_DRIVER -DSTM32F411xE -DDEBUG -c -I../Core/Inc -I../Drivers/STM32F4xx_HAL_Driver/Inc -I../Drivers/STM32F4xx_HAL_Driver/Inc/Legacy -I../Drivers/CMSIS/Device/ST/STM32F4xx/Include -I../Drivers/CMSIS/Include -O0 -ffunction-sections -fdata-sections -Wall -fstack-usage -MMD -MP -MF"Core/Src/main.d" -MT"Core/Src/main.o" --specs=nano.specs -mfpu=fpv4-sp-d16 -mfloat-abi=hard -mthumb -o "Core/Src/main.o"
../Core/Src/main.c: In function 'main':
../Core/Src/main.c:108:5: warning: implicit declaration of function 'buttonMatrix' [-Wimplicit-function-declaration]
     buttonMatrix();
     ^~~~~~~~~~~~
../Core/Src/main.c:118:6: error: 'x' undeclared (first use in this function)
      x = map[address];
      ^
../Core/Src/main.c:118:6: note: each undeclared identifier is reported only once for each function it appears in
../Core/Src/main.c: At top level:
../Core/Src/main.c:313:8: warning: conflicting types for 'buttonMatrix'
   void buttonMatrix() {
        ^~~~~~~~~~~~
../Core/Src/main.c:108:5: note: previous implicit declaration of 'buttonMatrix' was here
     buttonMatrix();
     ^~~~~~~~~~~~
make: *** [Core/Src/subdir.mk:33: Core/Src/main.o] Error 1
"make -j4 all" terminated with exit code 2. Build might be incomplete.
20:15:23 **** Incremental Build of configuration Debug for project Lab2 ****
make -j4 all 
arm-none-eabi-gcc "../Core/Src/main.c" -mcpu=cortex-m4 -std=gnu11 -g3 -DUSE_HAL_DRIVER -DSTM32F411xE -DDEBUG -c -I../Core/Inc -I../Drivers/STM32F4xx_HAL_Driver/Inc -I../Drivers/STM32F4xx_HAL_Driver/Inc/Legacy -I../Drivers/CMSIS/Device/ST/STM32F4xx/Include -I../Drivers/CMSIS/Include -O0 -ffunction-sections -fdata-sections -Wall -fstack-usage -MMD -MP -MF"Core/Src/main.d" -MT"Core/Src/main.o" --specs=nano.specs -mfpu=fpv4-sp-d16 -mfloat-abi=hard -mthumb -o "Core/Src/main.o"
../Core/Src/main.c: In function 'main':
../Core/Src/main.c:109:5: warning: implicit declaration of function 'buttonMatrix' [-Wimplicit-function-declaration]
     buttonMatrix();
     ^~~~~~~~~~~~
../Core/Src/main.c: At top level:
../Core/Src/main.c:314:8: warning: conflicting types for 'buttonMatrix'
   void buttonMatrix() {
        ^~~~~~~~~~~~
../Core/Src/main.c:109:5: note: previous implicit declaration of 'buttonMatrix' was here
     buttonMatrix();
     ^~~~~~~~~~~~
arm-none-eabi-g++ -o "Lab2.elf" @"objects.list"   -mcpu=cortex-m4 -T"C:\Users\Pakap\OneDrive\desktop\FRA222\FRA222\Lab2\STM32F411RETX_FLASH.ld" --specs=nosys.specs -Wl,-Map="Lab2.map" -Wl,--gc-sections -static --specs=nano.specs -mfpu=fpv4-sp-d16 -mfloat-abi=hard -mthumb -Wl,--start-group -lc -lm -lstdc++ -lsupc++ -Wl,--end-group
Finished building target: Lab2.elf
 
arm-none-eabi-objdump -h -S  Lab2.elf  > "Lab2.list"
arm-none-eabi-objcopy  -O binary  Lab2.elf  "Lab2.bin"
arm-none-eabi-size   Lab2.elf 
   text	   data	    bss	    dec	    hex	filename
  12480	    224	   1688	  14392	   3838	Lab2.elf
Finished building: default.size.stdout
 
Finished building: Lab2.list
Finished building: Lab2.bin
 
 
20:16:22 **** Incremental Build of configuration Debug for project Lab2 ****
make -j4 all 
arm-none-eabi-gcc "../Core/Src/main.c" -mcpu=cortex-m4 -std=gnu11 -g3 -DUSE_HAL_DRIVER -DSTM32F411xE -DDEBUG -c -I../Core/Inc -I../Drivers/STM32F4xx_HAL_Driver/Inc -I../Drivers/STM32F4xx_HAL_Driver/Inc/Legacy -I../Drivers/CMSIS/Device/ST/STM32F4xx/Include -I../Drivers/CMSIS/Include -O0 -ffunction-sections -fdata-sections -Wall -fstack-usage -MMD -MP -MF"Core/Src/main.d" -MT"Core/Src/main.o" --specs=nano.specs -mfpu=fpv4-sp-d16 -mfloat-abi=hard -mthumb -o "Core/Src/main.o"
../Core/Src/main.c: In function 'main':
../Core/Src/main.c:109:5: warning: implicit declaration of function 'buttonMatrix' [-Wimplicit-function-declaration]
     buttonMatrix();
     ^~~~~~~~~~~~
../Core/Src/main.c: At top level:
../Core/Src/main.c:314:8: warning: conflicting types for 'buttonMatrix'
   void buttonMatrix() {
        ^~~~~~~~~~~~
../Core/Src/main.c:109:5: note: previous implicit declaration of 'buttonMatrix' was here
     buttonMatrix();
     ^~~~~~~~~~~~
arm-none-eabi-g++ -o "Lab2.elf" @"objects.list"   -mcpu=cortex-m4 -T"C:\Users\Pakap\OneDrive\desktop\FRA222\FRA222\Lab2\STM32F411RETX_FLASH.ld" --specs=nosys.specs -Wl,-Map="Lab2.map" -Wl,--gc-sections -static --specs=nano.specs -mfpu=fpv4-sp-d16 -mfloat-abi=hard -mthumb -Wl,--start-group -lc -lm -lstdc++ -lsupc++ -Wl,--end-group
Finished building target: Lab2.elf
 
arm-none-eabi-objdump -h -S  Lab2.elf  > "Lab2.list"
arm-none-eabi-objcopy  -O binary  Lab2.elf  "Lab2.bin"
arm-none-eabi-size   Lab2.elf 
   text	   data	    bss	    dec	    hex	filename
  12480	    224	   1688	  14392	   3838	Lab2.elf
Finished building: Lab2.bin
Finished building: default.size.stdout
Finished building: Lab2.list
 
 
 
20:17:52 **** Incremental Build of configuration Debug for project Lab2 ****
make -j4 all 
arm-none-eabi-gcc "../Core/Src/main.c" -mcpu=cortex-m4 -std=gnu11 -g3 -DUSE_HAL_DRIVER -DSTM32F411xE -DDEBUG -c -I../Core/Inc -I../Drivers/STM32F4xx_HAL_Driver/Inc -I../Drivers/STM32F4xx_HAL_Driver/Inc/Legacy -I../Drivers/CMSIS/Device/ST/STM32F4xx/Include -I../Drivers/CMSIS/Include -O0 -ffunction-sections -fdata-sections -Wall -fstack-usage -MMD -MP -MF"Core/Src/main.d" -MT"Core/Src/main.o" --specs=nano.specs -mfpu=fpv4-sp-d16 -mfloat-abi=hard -mthumb -o "Core/Src/main.o"
../Core/Src/main.c: In function 'main':
../Core/Src/main.c:109:5: warning: implicit declaration of function 'buttonMatrix' [-Wimplicit-function-declaration]
     buttonMatrix();
     ^~~~~~~~~~~~
../Core/Src/main.c: At top level:
../Core/Src/main.c:313:8: warning: conflicting types for 'buttonMatrix'
   void buttonMatrix() {
        ^~~~~~~~~~~~
../Core/Src/main.c:109:5: note: previous implicit declaration of 'buttonMatrix' was here
     buttonMatrix();
     ^~~~~~~~~~~~
arm-none-eabi-g++ -o "Lab2.elf" @"objects.list"   -mcpu=cortex-m4 -T"C:\Users\Pakap\OneDrive\desktop\FRA222\FRA222\Lab2\STM32F411RETX_FLASH.ld" --specs=nosys.specs -Wl,-Map="Lab2.map" -Wl,--gc-sections -static --specs=nano.specs -mfpu=fpv4-sp-d16 -mfloat-abi=hard -mthumb -Wl,--start-group -lc -lm -lstdc++ -lsupc++ -Wl,--end-group
Finished building target: Lab2.elf
 
arm-none-eabi-objdump -h -S  Lab2.elf  > "Lab2.list"
arm-none-eabi-objcopy  -O binary  Lab2.elf  "Lab2.bin"
arm-none-eabi-size   Lab2.elf 
   text	   data	    bss	    dec	    hex	filename
  12480	    224	   1688	  14392	   3838	Lab2.elf
Finished building: default.size.stdout
Finished building: Lab2.bin
Finished building: Lab2.list
 
 
 
20:17:56 **** Incremental Build of configuration Debug for project Lab2 ****
make -j4 all 
arm-none-eabi-size   Lab2.elf 
   text	   data	    bss	    dec	    hex	filename
  12480	    224	   1688	  14392	   3838	Lab2.elf
Finished building: default.size.stdout
 
20:19:32 **** Incremental Build of configuration Debug for project Lab2 ****
make -j4 all 
arm-none-eabi-gcc "../Core/Src/main.c" -mcpu=cortex-m4 -std=gnu11 -g3 -DUSE_HAL_DRIVER -DSTM32F411xE -DDEBUG -c -I../Core/Inc -I../Drivers/STM32F4xx_HAL_Driver/Inc -I../Drivers/STM32F4xx_HAL_Driver/Inc/Legacy -I../Drivers/CMSIS/Device/ST/STM32F4xx/Include -I../Drivers/CMSIS/Include -O0 -ffunction-sections -fdata-sections -Wall -fstack-usage -MMD -MP -MF"Core/Src/main.d" -MT"Core/Src/main.o" --specs=nano.specs -mfpu=fpv4-sp-d16 -mfloat-abi=hard -mthumb -o "Core/Src/main.o"
../Core/Src/main.c: In function 'main':
../Core/Src/main.c:109:5: warning: implicit declaration of function 'buttonMatrix' [-Wimplicit-function-declaration]
     buttonMatrix();
     ^~~~~~~~~~~~
../Core/Src/main.c: At top level:
../Core/Src/main.c:313:8: warning: conflicting types for 'buttonMatrix'
   void buttonMatrix() {
        ^~~~~~~~~~~~
../Core/Src/main.c:109:5: note: previous implicit declaration of 'buttonMatrix' was here
     buttonMatrix();
     ^~~~~~~~~~~~
arm-none-eabi-g++ -o "Lab2.elf" @"objects.list"   -mcpu=cortex-m4 -T"C:\Users\Pakap\OneDrive\desktop\FRA222\FRA222\Lab2\STM32F411RETX_FLASH.ld" --specs=nosys.specs -Wl,-Map="Lab2.map" -Wl,--gc-sections -static --specs=nano.specs -mfpu=fpv4-sp-d16 -mfloat-abi=hard -mthumb -Wl,--start-group -lc -lm -lstdc++ -lsupc++ -Wl,--end-group
Finished building target: Lab2.elf
 
arm-none-eabi-objdump -h -S  Lab2.elf  > "Lab2.list"
arm-none-eabi-objcopy  -O binary  Lab2.elf  "Lab2.bin"
arm-none-eabi-size   Lab2.elf 
   text	   data	    bss	    dec	    hex	filename
  12480	    224	   1688	  14392	   3838	Lab2.elf
Finished building: default.size.stdout
Finished building: Lab2.bin
 
Finished building: Lab2.list
 
 
20:20:46 **** Incremental Build of configuration Debug for project Lab2 ****
make -j4 all 
arm-none-eabi-gcc "../Core/Src/main.c" -mcpu=cortex-m4 -std=gnu11 -g3 -DUSE_HAL_DRIVER -DSTM32F411xE -DDEBUG -c -I../Core/Inc -I../Drivers/STM32F4xx_HAL_Driver/Inc -I../Drivers/STM32F4xx_HAL_Driver/Inc/Legacy -I../Drivers/CMSIS/Device/ST/STM32F4xx/Include -I../Drivers/CMSIS/Include -O0 -ffunction-sections -fdata-sections -Wall -fstack-usage -MMD -MP -MF"Core/Src/main.d" -MT"Core/Src/main.o" --specs=nano.specs -mfpu=fpv4-sp-d16 -mfloat-abi=hard -mthumb -o "Core/Src/main.o"
../Core/Src/main.c: In function 'main':
../Core/Src/main.c:109:5: warning: implicit declaration of function 'buttonMatrix' [-Wimplicit-function-declaration]
     buttonMatrix();
     ^~~~~~~~~~~~
../Core/Src/main.c: At top level:
../Core/Src/main.c:314:8: warning: conflicting types for 'buttonMatrix'
   void buttonMatrix() {
        ^~~~~~~~~~~~
../Core/Src/main.c:109:5: note: previous implicit declaration of 'buttonMatrix' was here
     buttonMatrix();
     ^~~~~~~~~~~~
arm-none-eabi-g++ -o "Lab2.elf" @"objects.list"   -mcpu=cortex-m4 -T"C:\Users\Pakap\OneDrive\desktop\FRA222\FRA222\Lab2\STM32F411RETX_FLASH.ld" --specs=nosys.specs -Wl,-Map="Lab2.map" -Wl,--gc-sections -static --specs=nano.specs -mfpu=fpv4-sp-d16 -mfloat-abi=hard -mthumb -Wl,--start-group -lc -lm -lstdc++ -lsupc++ -Wl,--end-group
Finished building target: Lab2.elf
 
arm-none-eabi-objdump -h -S  Lab2.elf  > "Lab2.list"
arm-none-eabi-objcopy  -O binary  Lab2.elf  "Lab2.bin"
arm-none-eabi-size   Lab2.elf 
   text	   data	    bss	    dec	    hex	filename
  12480	    224	   1688	  14392	   3838	Lab2.elf
Finished building: default.size.stdout
 
Finished building: Lab2.list
Finished building: Lab2.bin
 
 
14:38:10 **** Build of configuration Debug for project week3 ****
make -j4 all 
arm-none-eabi-gcc "../Drivers/STM32F4xx_HAL_Driver/Src/stm32f4xx_hal.c" -mcpu=cortex-m4 -std=gnu11 -g3 -DUSE_HAL_DRIVER -DSTM32F411xE -DDEBUG -c -I../Core/Inc -I../Drivers/STM32F4xx_HAL_Driver/Inc -I../Drivers/STM32F4xx_HAL_Driver/Inc/Legacy -I../Drivers/CMSIS/Device/ST/STM32F4xx/Include -I../Drivers/CMSIS/Include -O0 -ffunction-sections -fdata-sections -Wall -fstack-usage -MMD -MP -MF"Drivers/STM32F4xx_HAL_Driver/Src/stm32f4xx_hal.d" -MT"Drivers/STM32F4xx_HAL_Driver/Src/stm32f4xx_hal.o" --specs=nano.specs -mfpu=fpv4-sp-d16 -mfloat-abi=hard -mthumb -o "Drivers/STM32F4xx_HAL_Driver/Src/stm32f4xx_hal.o"
arm-none-eabi-gcc "../Drivers/STM32F4xx_HAL_Driver/Src/stm32f4xx_hal_adc.c" -mcpu=cortex-m4 -std=gnu11 -g3 -DUSE_HAL_DRIVER -DSTM32F411xE -DDEBUG -c -I../Core/Inc -I../Drivers/STM32F4xx_HAL_Driver/Inc -I../Drivers/STM32F4xx_HAL_Driver/Inc/Legacy -I../Drivers/CMSIS/Device/ST/STM32F4xx/Include -I../Drivers/CMSIS/Include -O0 -ffunction-sections -fdata-sections -Wall -fstack-usage -MMD -MP -MF"Drivers/STM32F4xx_HAL_Driver/Src/stm32f4xx_hal_adc.d" -MT"Drivers/STM32F4xx_HAL_Driver/Src/stm32f4xx_hal_adc.o" --specs=nano.specs -mfpu=fpv4-sp-d16 -mfloat-abi=hard -mthumb -o "Drivers/STM32F4xx_HAL_Driver/Src/stm32f4xx_hal_adc.o"
arm-none-eabi-gcc "../Drivers/STM32F4xx_HAL_Driver/Src/stm32f4xx_hal_adc_ex.c" -mcpu=cortex-m4 -std=gnu11 -g3 -DUSE_HAL_DRIVER -DSTM32F411xE -DDEBUG -c -I../Core/Inc -I../Drivers/STM32F4xx_HAL_Driver/Inc -I../Drivers/STM32F4xx_HAL_Driver/Inc/Legacy -I../Drivers/CMSIS/Device/ST/STM32F4xx/Include -I../Drivers/CMSIS/Include -O0 -ffunction-sections -fdata-sections -Wall -fstack-usage -MMD -MP -MF"Drivers/STM32F4xx_HAL_Driver/Src/stm32f4xx_hal_adc_ex.d" -MT"Drivers/STM32F4xx_HAL_Driver/Src/stm32f4xx_hal_adc_ex.o" --specs=nano.specs -mfpu=fpv4-sp-d16 -mfloat-abi=hard -mthumb -o "Drivers/STM32F4xx_HAL_Driver/Src/stm32f4xx_hal_adc_ex.o"
arm-none-eabi-gcc "../Drivers/STM32F4xx_HAL_Driver/Src/stm32f4xx_hal_cortex.c" -mcpu=cortex-m4 -std=gnu11 -g3 -DUSE_HAL_DRIVER -DSTM32F411xE -DDEBUG -c -I../Core/Inc -I../Drivers/STM32F4xx_HAL_Driver/Inc -I../Drivers/STM32F4xx_HAL_Driver/Inc/Legacy -I../Drivers/CMSIS/Device/ST/STM32F4xx/Include -I../Drivers/CMSIS/Include -O0 -ffunction-sections -fdata-sections -Wall -fstack-usage -MMD -MP -MF"Drivers/STM32F4xx_HAL_Driver/Src/stm32f4xx_hal_cortex.d" -MT"Drivers/STM32F4xx_HAL_Driver/Src/stm32f4xx_hal_cortex.o" --specs=nano.specs -mfpu=fpv4-sp-d16 -mfloat-abi=hard -mthumb -o "Drivers/STM32F4xx_HAL_Driver/Src/stm32f4xx_hal_cortex.o"
arm-none-eabi-gcc "../Drivers/STM32F4xx_HAL_Driver/Src/stm32f4xx_hal_dma.c" -mcpu=cortex-m4 -std=gnu11 -g3 -DUSE_HAL_DRIVER -DSTM32F411xE -DDEBUG -c -I../Core/Inc -I../Drivers/STM32F4xx_HAL_Driver/Inc -I../Drivers/STM32F4xx_HAL_Driver/Inc/Legacy -I../Drivers/CMSIS/Device/ST/STM32F4xx/Include -I../Drivers/CMSIS/Include -O0 -ffunction-sections -fdata-sections -Wall -fstack-usage -MMD -MP -MF"Drivers/STM32F4xx_HAL_Driver/Src/stm32f4xx_hal_dma.d" -MT"Drivers/STM32F4xx_HAL_Driver/Src/stm32f4xx_hal_dma.o" --specs=nano.specs -mfpu=fpv4-sp-d16 -mfloat-abi=hard -mthumb -o "Drivers/STM32F4xx_HAL_Driver/Src/stm32f4xx_hal_dma.o"
arm-none-eabi-gcc "../Drivers/STM32F4xx_HAL_Driver/Src/stm32f4xx_hal_dma_ex.c" -mcpu=cortex-m4 -std=gnu11 -g3 -DUSE_HAL_DRIVER -DSTM32F411xE -DDEBUG -c -I../Core/Inc -I../Drivers/STM32F4xx_HAL_Driver/Inc -I../Drivers/STM32F4xx_HAL_Driver/Inc/Legacy -I../Drivers/CMSIS/Device/ST/STM32F4xx/Include -I../Drivers/CMSIS/Include -O0 -ffunction-sections -fdata-sections -Wall -fstack-usage -MMD -MP -MF"Drivers/STM32F4xx_HAL_Driver/Src/stm32f4xx_hal_dma_ex.d" -MT"Drivers/STM32F4xx_HAL_Driver/Src/stm32f4xx_hal_dma_ex.o" --specs=nano.specs -mfpu=fpv4-sp-d16 -mfloat-abi=hard -mthumb -o "Drivers/STM32F4xx_HAL_Driver/Src/stm32f4xx_hal_dma_ex.o"
arm-none-eabi-gcc "../Drivers/STM32F4xx_HAL_Driver/Src/stm32f4xx_hal_exti.c" -mcpu=cortex-m4 -std=gnu11 -g3 -DUSE_HAL_DRIVER -DSTM32F411xE -DDEBUG -c -I../Core/Inc -I../Drivers/STM32F4xx_HAL_Driver/Inc -I../Drivers/STM32F4xx_HAL_Driver/Inc/Legacy -I../Drivers/CMSIS/Device/ST/STM32F4xx/Include -I../Drivers/CMSIS/Include -O0 -ffunction-sections -fdata-sections -Wall -fstack-usage -MMD -MP -MF"Drivers/STM32F4xx_HAL_Driver/Src/stm32f4xx_hal_exti.d" -MT"Drivers/STM32F4xx_HAL_Driver/Src/stm32f4xx_hal_exti.o" --specs=nano.specs -mfpu=fpv4-sp-d16 -mfloat-abi=hard -mthumb -o "Drivers/STM32F4xx_HAL_Driver/Src/stm32f4xx_hal_exti.o"
arm-none-eabi-gcc "../Drivers/STM32F4xx_HAL_Driver/Src/stm32f4xx_hal_flash.c" -mcpu=cortex-m4 -std=gnu11 -g3 -DUSE_HAL_DRIVER -DSTM32F411xE -DDEBUG -c -I../Core/Inc -I../Drivers/STM32F4xx_HAL_Driver/Inc -I../Drivers/STM32F4xx_HAL_Driver/Inc/Legacy -I../Drivers/CMSIS/Device/ST/STM32F4xx/Include -I../Drivers/CMSIS/Include -O0 -ffunction-sections -fdata-sections -Wall -fstack-usage -MMD -MP -MF"Drivers/STM32F4xx_HAL_Driver/Src/stm32f4xx_hal_flash.d" -MT"Drivers/STM32F4xx_HAL_Driver/Src/stm32f4xx_hal_flash.o" --specs=nano.specs -mfpu=fpv4-sp-d16 -mfloat-abi=hard -mthumb -o "Drivers/STM32F4xx_HAL_Driver/Src/stm32f4xx_hal_flash.o"
arm-none-eabi-gcc "../Drivers/STM32F4xx_HAL_Driver/Src/stm32f4xx_hal_flash_ex.c" -mcpu=cortex-m4 -std=gnu11 -g3 -DUSE_HAL_DRIVER -DSTM32F411xE -DDEBUG -c -I../Core/Inc -I../Drivers/STM32F4xx_HAL_Driver/Inc -I../Drivers/STM32F4xx_HAL_Driver/Inc/Legacy -I../Drivers/CMSIS/Device/ST/STM32F4xx/Include -I../Drivers/CMSIS/Include -O0 -ffunction-sections -fdata-sections -Wall -fstack-usage -MMD -MP -MF"Drivers/STM32F4xx_HAL_Driver/Src/stm32f4xx_hal_flash_ex.d" -MT"Drivers/STM32F4xx_HAL_Driver/Src/stm32f4xx_hal_flash_ex.o" --specs=nano.specs -mfpu=fpv4-sp-d16 -mfloat-abi=hard -mthumb -o "Drivers/STM32F4xx_HAL_Driver/Src/stm32f4xx_hal_flash_ex.o"
arm-none-eabi-gcc "../Drivers/STM32F4xx_HAL_Driver/Src/stm32f4xx_hal_flash_ramfunc.c" -mcpu=cortex-m4 -std=gnu11 -g3 -DUSE_HAL_DRIVER -DSTM32F411xE -DDEBUG -c -I../Core/Inc -I../Drivers/STM32F4xx_HAL_Driver/Inc -I../Drivers/STM32F4xx_HAL_Driver/Inc/Legacy -I../Drivers/CMSIS/Device/ST/STM32F4xx/Include -I../Drivers/CMSIS/Include -O0 -ffunction-sections -fdata-sections -Wall -fstack-usage -MMD -MP -MF"Drivers/STM32F4xx_HAL_Driver/Src/stm32f4xx_hal_flash_ramfunc.d" -MT"Drivers/STM32F4xx_HAL_Driver/Src/stm32f4xx_hal_flash_ramfunc.o" --specs=nano.specs -mfpu=fpv4-sp-d16 -mfloat-abi=hard -mthumb -o "Drivers/STM32F4xx_HAL_Driver/Src/stm32f4xx_hal_flash_ramfunc.o"
arm-none-eabi-gcc "../Drivers/STM32F4xx_HAL_Driver/Src/stm32f4xx_hal_gpio.c" -mcpu=cortex-m4 -std=gnu11 -g3 -DUSE_HAL_DRIVER -DSTM32F411xE -DDEBUG -c -I../Core/Inc -I../Drivers/STM32F4xx_HAL_Driver/Inc -I../Drivers/STM32F4xx_HAL_Driver/Inc/Legacy -I../Drivers/CMSIS/Device/ST/STM32F4xx/Include -I../Drivers/CMSIS/Include -O0 -ffunction-sections -fdata-sections -Wall -fstack-usage -MMD -MP -MF"Drivers/STM32F4xx_HAL_Driver/Src/stm32f4xx_hal_gpio.d" -MT"Drivers/STM32F4xx_HAL_Driver/Src/stm32f4xx_hal_gpio.o" --specs=nano.specs -mfpu=fpv4-sp-d16 -mfloat-abi=hard -mthumb -o "Drivers/STM32F4xx_HAL_Driver/Src/stm32f4xx_hal_gpio.o"
arm-none-eabi-gcc "../Drivers/STM32F4xx_HAL_Driver/Src/stm32f4xx_hal_pwr.c" -mcpu=cortex-m4 -std=gnu11 -g3 -DUSE_HAL_DRIVER -DSTM32F411xE -DDEBUG -c -I../Core/Inc -I../Drivers/STM32F4xx_HAL_Driver/Inc -I../Drivers/STM32F4xx_HAL_Driver/Inc/Legacy -I../Drivers/CMSIS/Device/ST/STM32F4xx/Include -I../Drivers/CMSIS/Include -O0 -ffunction-sections -fdata-sections -Wall -fstack-usage -MMD -MP -MF"Drivers/STM32F4xx_HAL_Driver/Src/stm32f4xx_hal_pwr.d" -MT"Drivers/STM32F4xx_HAL_Driver/Src/stm32f4xx_hal_pwr.o" --specs=nano.specs -mfpu=fpv4-sp-d16 -mfloat-abi=hard -mthumb -o "Drivers/STM32F4xx_HAL_Driver/Src/stm32f4xx_hal_pwr.o"
arm-none-eabi-gcc "../Drivers/STM32F4xx_HAL_Driver/Src/stm32f4xx_hal_pwr_ex.c" -mcpu=cortex-m4 -std=gnu11 -g3 -DUSE_HAL_DRIVER -DSTM32F411xE -DDEBUG -c -I../Core/Inc -I../Drivers/STM32F4xx_HAL_Driver/Inc -I../Drivers/STM32F4xx_HAL_Driver/Inc/Legacy -I../Drivers/CMSIS/Device/ST/STM32F4xx/Include -I../Drivers/CMSIS/Include -O0 -ffunction-sections -fdata-sections -Wall -fstack-usage -MMD -MP -MF"Drivers/STM32F4xx_HAL_Driver/Src/stm32f4xx_hal_pwr_ex.d" -MT"Drivers/STM32F4xx_HAL_Driver/Src/stm32f4xx_hal_pwr_ex.o" --specs=nano.specs -mfpu=fpv4-sp-d16 -mfloat-abi=hard -mthumb -o "Drivers/STM32F4xx_HAL_Driver/Src/stm32f4xx_hal_pwr_ex.o"
arm-none-eabi-gcc "../Drivers/STM32F4xx_HAL_Driver/Src/stm32f4xx_hal_rcc.c" -mcpu=cortex-m4 -std=gnu11 -g3 -DUSE_HAL_DRIVER -DSTM32F411xE -DDEBUG -c -I../Core/Inc -I../Drivers/STM32F4xx_HAL_Driver/Inc -I../Drivers/STM32F4xx_HAL_Driver/Inc/Legacy -I../Drivers/CMSIS/Device/ST/STM32F4xx/Include -I../Drivers/CMSIS/Include -O0 -ffunction-sections -fdata-sections -Wall -fstack-usage -MMD -MP -MF"Drivers/STM32F4xx_HAL_Driver/Src/stm32f4xx_hal_rcc.d" -MT"Drivers/STM32F4xx_HAL_Driver/Src/stm32f4xx_hal_rcc.o" --specs=nano.specs -mfpu=fpv4-sp-d16 -mfloat-abi=hard -mthumb -o "Drivers/STM32F4xx_HAL_Driver/Src/stm32f4xx_hal_rcc.o"
arm-none-eabi-gcc "../Drivers/STM32F4xx_HAL_Driver/Src/stm32f4xx_hal_rcc_ex.c" -mcpu=cortex-m4 -std=gnu11 -g3 -DUSE_HAL_DRIVER -DSTM32F411xE -DDEBUG -c -I../Core/Inc -I../Drivers/STM32F4xx_HAL_Driver/Inc -I../Drivers/STM32F4xx_HAL_Driver/Inc/Legacy -I../Drivers/CMSIS/Device/ST/STM32F4xx/Include -I../Drivers/CMSIS/Include -O0 -ffunction-sections -fdata-sections -Wall -fstack-usage -MMD -MP -MF"Drivers/STM32F4xx_HAL_Driver/Src/stm32f4xx_hal_rcc_ex.d" -MT"Drivers/STM32F4xx_HAL_Driver/Src/stm32f4xx_hal_rcc_ex.o" --specs=nano.specs -mfpu=fpv4-sp-d16 -mfloat-abi=hard -mthumb -o "Drivers/STM32F4xx_HAL_Driver/Src/stm32f4xx_hal_rcc_ex.o"
arm-none-eabi-gcc "../Drivers/STM32F4xx_HAL_Driver/Src/stm32f4xx_hal_tim.c" -mcpu=cortex-m4 -std=gnu11 -g3 -DUSE_HAL_DRIVER -DSTM32F411xE -DDEBUG -c -I../Core/Inc -I../Drivers/STM32F4xx_HAL_Driver/Inc -I../Drivers/STM32F4xx_HAL_Driver/Inc/Legacy -I../Drivers/CMSIS/Device/ST/STM32F4xx/Include -I../Drivers/CMSIS/Include -O0 -ffunction-sections -fdata-sections -Wall -fstack-usage -MMD -MP -MF"Drivers/STM32F4xx_HAL_Driver/Src/stm32f4xx_hal_tim.d" -MT"Drivers/STM32F4xx_HAL_Driver/Src/stm32f4xx_hal_tim.o" --specs=nano.specs -mfpu=fpv4-sp-d16 -mfloat-abi=hard -mthumb -o "Drivers/STM32F4xx_HAL_Driver/Src/stm32f4xx_hal_tim.o"
arm-none-eabi-gcc "../Drivers/STM32F4xx_HAL_Driver/Src/stm32f4xx_hal_tim_ex.c" -mcpu=cortex-m4 -std=gnu11 -g3 -DUSE_HAL_DRIVER -DSTM32F411xE -DDEBUG -c -I../Core/Inc -I../Drivers/STM32F4xx_HAL_Driver/Inc -I../Drivers/STM32F4xx_HAL_Driver/Inc/Legacy -I../Drivers/CMSIS/Device/ST/STM32F4xx/Include -I../Drivers/CMSIS/Include -O0 -ffunction-sections -fdata-sections -Wall -fstack-usage -MMD -MP -MF"Drivers/STM32F4xx_HAL_Driver/Src/stm32f4xx_hal_tim_ex.d" -MT"Drivers/STM32F4xx_HAL_Driver/Src/stm32f4xx_hal_tim_ex.o" --specs=nano.specs -mfpu=fpv4-sp-d16 -mfloat-abi=hard -mthumb -o "Drivers/STM32F4xx_HAL_Driver/Src/stm32f4xx_hal_tim_ex.o"
arm-none-eabi-gcc "../Drivers/STM32F4xx_HAL_Driver/Src/stm32f4xx_hal_uart.c" -mcpu=cortex-m4 -std=gnu11 -g3 -DUSE_HAL_DRIVER -DSTM32F411xE -DDEBUG -c -I../Core/Inc -I../Drivers/STM32F4xx_HAL_Driver/Inc -I../Drivers/STM32F4xx_HAL_Driver/Inc/Legacy -I../Drivers/CMSIS/Device/ST/STM32F4xx/Include -I../Drivers/CMSIS/Include -O0 -ffunction-sections -fdata-sections -Wall -fstack-usage -MMD -MP -MF"Drivers/STM32F4xx_HAL_Driver/Src/stm32f4xx_hal_uart.d" -MT"Drivers/STM32F4xx_HAL_Driver/Src/stm32f4xx_hal_uart.o" --specs=nano.specs -mfpu=fpv4-sp-d16 -mfloat-abi=hard -mthumb -o "Drivers/STM32F4xx_HAL_Driver/Src/stm32f4xx_hal_uart.o"
arm-none-eabi-gcc -mcpu=cortex-m4 -g3 -c -x assembler-with-cpp -MMD -MP -MF"Core/Startup/startup_stm32f411retx.d" -MT"Core/Startup/startup_stm32f411retx.o" --specs=nano.specs -mfpu=fpv4-sp-d16 -mfloat-abi=hard -mthumb -o "Core/Startup/startup_stm32f411retx.o" "../Core/Startup/startup_stm32f411retx.s"
arm-none-eabi-gcc "../Core/Src/main.c" -mcpu=cortex-m4 -std=gnu11 -g3 -DUSE_HAL_DRIVER -DSTM32F411xE -DDEBUG -c -I../Core/Inc -I../Drivers/STM32F4xx_HAL_Driver/Inc -I../Drivers/STM32F4xx_HAL_Driver/Inc/Legacy -I../Drivers/CMSIS/Device/ST/STM32F4xx/Include -I../Drivers/CMSIS/Include -O0 -ffunction-sections -fdata-sections -Wall -fstack-usage -MMD -MP -MF"Core/Src/main.d" -MT"Core/Src/main.o" --specs=nano.specs -mfpu=fpv4-sp-d16 -mfloat-abi=hard -mthumb -o "Core/Src/main.o"
arm-none-eabi-gcc "../Core/Src/stm32f4xx_hal_msp.c" -mcpu=cortex-m4 -std=gnu11 -g3 -DUSE_HAL_DRIVER -DSTM32F411xE -DDEBUG -c -I../Core/Inc -I../Drivers/STM32F4xx_HAL_Driver/Inc -I../Drivers/STM32F4xx_HAL_Driver/Inc/Legacy -I../Drivers/CMSIS/Device/ST/STM32F4xx/Include -I../Drivers/CMSIS/Include -O0 -ffunction-sections -fdata-sections -Wall -fstack-usage -MMD -MP -MF"Core/Src/stm32f4xx_hal_msp.d" -MT"Core/Src/stm32f4xx_hal_msp.o" --specs=nano.specs -mfpu=fpv4-sp-d16 -mfloat-abi=hard -mthumb -o "Core/Src/stm32f4xx_hal_msp.o"
../Core/Src/main.c:50:2: error: unknown type name 'ADC_ChannelConfigTypeDEf'
  ADC_ChannelConfigTypeDEf Config;
  ^~~~~~~~~~~~~~~~~~~~~~~~
../Core/Src/main.c: In function 'ADCPollingMethodInit':
../Core/Src/main.c:281:22: error: request for member 'Channel' in something not a structure or union
  ADCChannel[0].Config.Channel = ADC_CHANNEL_0;
                      ^
../Core/Src/main.c:282:22: error: request for member 'Rank' in something not a structure or union
  ADCChannel[0].Config.Rank = 1;
                      ^
../Core/Src/main.c:283:22: error: request for member 'SamplingTime' in something not a structure or union
  ADCChannel[0].Config.SamplingTime = ADC_SAMPLETIME_3CYCLES;
                      ^
../Core/Src/main.c:286:22: error: request for member 'Channel' in something not a structure or union
  ADCChannel[1].Config.Channel = ADC_CHANNEL_1;
                      ^
../Core/Src/main.c:287:22: error: request for member 'Rank' in something not a structure or union
  ADCChannel[1].Config.Rank = 1;
                      ^
../Core/Src/main.c:288:22: error: request for member 'SamplingTime' in something not a structure or union
  ADCChannel[1].Config.SamplingTime = ADC_SAMPLETIME_3CYCLES;
                      ^
../Core/Src/main.c:291:22: error: request for member 'Channel' in something not a structure or union
  ADCChannel[2].Config.Channel = ADC_CHANNEL_TEMPSENSOR;
                      ^
../Core/Src/main.c:292:22: error: request for member 'Rank' in something not a structure or union
  ADCChannel[2].Config.Rank = 1;
                      ^
../Core/Src/main.c:293:22: error: request for member 'SamplingTime' in something not a structure or union
  ADCChannel[2].Config.SamplingTime = ADC_SAMPLETIME_3CYCLES;
                      ^
../Core/Src/main.c: In function 'ADCPollingMethodUpdate':
../Core/Src/main.c:300:31: warning: passing argument 2 of 'HAL_ADC_ConfigChannel' from incompatible pointer type [-Wincompatible-pointer-types]
  HAL_ADC_ConfigChannel(&hadc1,&ADCChannel[i].Config);
                               ^
In file included from ../Core/Inc/stm32f4xx_hal_conf.h:292:0,
                 from ../Drivers/STM32F4xx_HAL_Driver/Inc/stm32f4xx_hal.h:30,
                 from ../Core/Inc/main.h:31,
                 from ../Core/Src/main.c:21:
../Drivers/STM32F4xx_HAL_Driver/Inc/stm32f4xx_hal_adc.h:609:19: note: expected 'ADC_ChannelConfTypeDef * {aka struct <anonymous> *}' but argument is of type 'int *'
 HAL_StatusTypeDef HAL_ADC_ConfigChannel(ADC_HandleTypeDef* hadc, ADC_ChannelConfTypeDef* sConfig);
                   ^~~~~~~~~~~~~~~~~~~~~
make: *** [Core/Src/subdir.mk:33: Core/Src/main.o] Error 1
make: *** Waiting for unfinished jobs....
"make -j4 all" terminated with exit code 2. Build might be incomplete.
14:40:29 **** Incremental Build of configuration Debug for project week3 ****
make -j4 all 
arm-none-eabi-gcc "../Core/Src/main.c" -mcpu=cortex-m4 -std=gnu11 -g3 -DUSE_HAL_DRIVER -DSTM32F411xE -DDEBUG -c -I../Core/Inc -I../Drivers/STM32F4xx_HAL_Driver/Inc -I../Drivers/STM32F4xx_HAL_Driver/Inc/Legacy -I../Drivers/CMSIS/Device/ST/STM32F4xx/Include -I../Drivers/CMSIS/Include -O0 -ffunction-sections -fdata-sections -Wall -fstack-usage -MMD -MP -MF"Core/Src/main.d" -MT"Core/Src/main.o" --specs=nano.specs -mfpu=fpv4-sp-d16 -mfloat-abi=hard -mthumb -o "Core/Src/main.o"
arm-none-eabi-gcc "../Core/Src/stm32f4xx_it.c" -mcpu=cortex-m4 -std=gnu11 -g3 -DUSE_HAL_DRIVER -DSTM32F411xE -DDEBUG -c -I../Core/Inc -I../Drivers/STM32F4xx_HAL_Driver/Inc -I../Drivers/STM32F4xx_HAL_Driver/Inc/Legacy -I../Drivers/CMSIS/Device/ST/STM32F4xx/Include -I../Drivers/CMSIS/Include -O0 -ffunction-sections -fdata-sections -Wall -fstack-usage -MMD -MP -MF"Core/Src/stm32f4xx_it.d" -MT"Core/Src/stm32f4xx_it.o" --specs=nano.specs -mfpu=fpv4-sp-d16 -mfloat-abi=hard -mthumb -o "Core/Src/stm32f4xx_it.o"
arm-none-eabi-gcc "../Core/Src/syscalls.c" -mcpu=cortex-m4 -std=gnu11 -g3 -DUSE_HAL_DRIVER -DSTM32F411xE -DDEBUG -c -I../Core/Inc -I../Drivers/STM32F4xx_HAL_Driver/Inc -I../Drivers/STM32F4xx_HAL_Driver/Inc/Legacy -I../Drivers/CMSIS/Device/ST/STM32F4xx/Include -I../Drivers/CMSIS/Include -O0 -ffunction-sections -fdata-sections -Wall -fstack-usage -MMD -MP -MF"Core/Src/syscalls.d" -MT"Core/Src/syscalls.o" --specs=nano.specs -mfpu=fpv4-sp-d16 -mfloat-abi=hard -mthumb -o "Core/Src/syscalls.o"
arm-none-eabi-gcc "../Core/Src/sysmem.c" -mcpu=cortex-m4 -std=gnu11 -g3 -DUSE_HAL_DRIVER -DSTM32F411xE -DDEBUG -c -I../Core/Inc -I../Drivers/STM32F4xx_HAL_Driver/Inc -I../Drivers/STM32F4xx_HAL_Driver/Inc/Legacy -I../Drivers/CMSIS/Device/ST/STM32F4xx/Include -I../Drivers/CMSIS/Include -O0 -ffunction-sections -fdata-sections -Wall -fstack-usage -MMD -MP -MF"Core/Src/sysmem.d" -MT"Core/Src/sysmem.o" --specs=nano.specs -mfpu=fpv4-sp-d16 -mfloat-abi=hard -mthumb -o "Core/Src/sysmem.o"
arm-none-eabi-gcc "../Core/Src/system_stm32f4xx.c" -mcpu=cortex-m4 -std=gnu11 -g3 -DUSE_HAL_DRIVER -DSTM32F411xE -DDEBUG -c -I../Core/Inc -I../Drivers/STM32F4xx_HAL_Driver/Inc -I../Drivers/STM32F4xx_HAL_Driver/Inc/Legacy -I../Drivers/CMSIS/Device/ST/STM32F4xx/Include -I../Drivers/CMSIS/Include -O0 -ffunction-sections -fdata-sections -Wall -fstack-usage -MMD -MP -MF"Core/Src/system_stm32f4xx.d" -MT"Core/Src/system_stm32f4xx.o" --specs=nano.specs -mfpu=fpv4-sp-d16 -mfloat-abi=hard -mthumb -o "Core/Src/system_stm32f4xx.o"
arm-none-eabi-g++ -o "week3.elf" @"objects.list"   -mcpu=cortex-m4 -T"C:\Users\Pakap\OneDrive\desktop\FRA222\FRA222\week3\STM32F411RETX_FLASH.ld" --specs=nosys.specs -Wl,-Map="week3.map" -Wl,--gc-sections -static --specs=nano.specs -mfpu=fpv4-sp-d16 -mfloat-abi=hard -mthumb -Wl,--start-group -lc -lm -lstdc++ -lsupc++ -Wl,--end-group
Finished building target: week3.elf
 
arm-none-eabi-size   week3.elf 
arm-none-eabi-objdump -h -S  week3.elf  > "week3.list"
arm-none-eabi-objcopy  -O binary  week3.elf  "week3.bin"
   text	   data	    bss	    dec	    hex	filename
  10544	     20	   1764	  12328	   3028	week3.elf
Finished building: default.size.stdout
 
Finished building: week3.list
Finished building: week3.bin
 
 
14:42:59 **** Incremental Build of configuration Debug for project week3 ****
make -j4 all 
arm-none-eabi-size   week3.elf 
   text	   data	    bss	    dec	    hex	filename
  10544	     20	   1764	  12328	   3028	week3.elf
Finished building: default.size.stdout
 
14:43:02 **** Incremental Build of configuration Debug for project week3 ****
make -j4 all 
arm-none-eabi-size   week3.elf 
   text	   data	    bss	    dec	    hex	filename
  10544	     20	   1764	  12328	   3028	week3.elf
Finished building: default.size.stdout
 
14:43:39 **** Incremental Build of configuration Debug for project week3 ****
make -j4 all 
arm-none-eabi-size   week3.elf 
   text	   data	    bss	    dec	    hex	filename
  10544	     20	   1764	  12328	   3028	week3.elf
Finished building: default.size.stdout
 
14:43:53 **** Incremental Build of configuration Debug for project week3 ****
make -j4 all 
arm-none-eabi-size   week3.elf 
   text	   data	    bss	    dec	    hex	filename
  10544	     20	   1764	  12328	   3028	week3.elf
Finished building: default.size.stdout
 
15:25:27 **** Incremental Build of configuration Debug for project Lab2 ****
make -j4 all 
arm-none-eabi-size   Lab2.elf 
   text	   data	    bss	    dec	    hex	filename
  12480	    224	   1688	  14392	   3838	Lab2.elf
Finished building: default.size.stdout
 
15:27:07 **** Incremental Build of configuration Debug for project Lab2 ****
make -j4 all 
arm-none-eabi-size   Lab2.elf 
   text	   data	    bss	    dec	    hex	filename
  12480	    224	   1688	  14392	   3838	Lab2.elf
Finished building: default.size.stdout
 
15:27:35 **** Incremental Build of configuration Debug for project Lab2 ****
make -j4 all 
arm-none-eabi-size   Lab2.elf 
   text	   data	    bss	    dec	    hex	filename
  12480	    224	   1688	  14392	   3838	Lab2.elf
Finished building: default.size.stdout
 
15:30:13 **** Incremental Build of configuration Debug for project Lab2 ****
make -j4 all 
arm-none-eabi-size   Lab2.elf 
   text	   data	    bss	    dec	    hex	filename
  12480	    224	   1688	  14392	   3838	Lab2.elf
Finished building: default.size.stdout
 
15:30:39 **** Incremental Build of configuration Debug for project Lab2 ****
make -j4 all 
arm-none-eabi-size   Lab2.elf 
   text	   data	    bss	    dec	    hex	filename
  12480	    224	   1688	  14392	   3838	Lab2.elf
Finished building: default.size.stdout
 
15:39:52 **** Incremental Build of configuration Debug for project Lab2 ****
make -j4 all 
arm-none-eabi-size   Lab2.elf 
   text	   data	    bss	    dec	    hex	filename
  12480	    224	   1688	  14392	   3838	Lab2.elf
Finished building: default.size.stdout
 
15:48:37 **** Incremental Build of configuration Debug for project Lab2 ****
make -j4 all 
arm-none-eabi-size   Lab2.elf 
   text	   data	    bss	    dec	    hex	filename
  12480	    224	   1688	  14392	   3838	Lab2.elf
Finished building: default.size.stdout
 
15:49:04 **** Incremental Build of configuration Debug for project Lab2 ****
make -j4 all 
arm-none-eabi-size   Lab2.elf 
   text	   data	    bss	    dec	    hex	filename
  12480	    224	   1688	  14392	   3838	Lab2.elf
Finished building: default.size.stdout
 
15:49:10 **** Incremental Build of configuration Debug for project Lab2 ****
make -j4 all 
arm-none-eabi-size   Lab2.elf 
   text	   data	    bss	    dec	    hex	filename
  12480	    224	   1688	  14392	   3838	Lab2.elf
Finished building: default.size.stdout
 
15:55:13 **** Incremental Build of configuration Debug for project Lab2 ****
make -j4 all 
arm-none-eabi-gcc "../Core/Src/main.c" -mcpu=cortex-m4 -std=gnu11 -g3 -DUSE_HAL_DRIVER -DSTM32F411xE -DDEBUG -c -I../Core/Inc -I../Drivers/STM32F4xx_HAL_Driver/Inc -I../Drivers/STM32F4xx_HAL_Driver/Inc/Legacy -I../Drivers/CMSIS/Device/ST/STM32F4xx/Include -I../Drivers/CMSIS/Include -O0 -ffunction-sections -fdata-sections -Wall -fstack-usage -MMD -MP -MF"Core/Src/main.d" -MT"Core/Src/main.o" --specs=nano.specs -mfpu=fpv4-sp-d16 -mfloat-abi=hard -mthumb -o "Core/Src/main.o"
../Core/Src/main.c: In function 'main':
../Core/Src/main.c:111:5: warning: implicit declaration of function 'buttonMatrix' [-Wimplicit-function-declaration]
     buttonMatrix();
     ^~~~~~~~~~~~
../Core/Src/main.c: At top level:
../Core/Src/main.c:316:8: warning: conflicting types for 'buttonMatrix'
   void buttonMatrix() {
        ^~~~~~~~~~~~
../Core/Src/main.c:111:5: note: previous implicit declaration of 'buttonMatrix' was here
     buttonMatrix();
     ^~~~~~~~~~~~
arm-none-eabi-g++ -o "Lab2.elf" @"objects.list"   -mcpu=cortex-m4 -T"C:\Users\Pakap\OneDrive\desktop\FRA222\FRA222\Lab2\STM32F411RETX_FLASH.ld" --specs=nosys.specs -Wl,-Map="Lab2.map" -Wl,--gc-sections -static --specs=nano.specs -mfpu=fpv4-sp-d16 -mfloat-abi=hard -mthumb -Wl,--start-group -lc -lm -lstdc++ -lsupc++ -Wl,--end-group
Finished building target: Lab2.elf
 
arm-none-eabi-objdump -h -S  Lab2.elf  > "Lab2.list"
arm-none-eabi-objcopy  -O binary  Lab2.elf  "Lab2.bin"
arm-none-eabi-size   Lab2.elf 
   text	   data	    bss	    dec	    hex	filename
  12496	    224	   1696	  14416	   3850	Lab2.elf
Finished building: default.size.stdout
Finished building: Lab2.list
Finished building: Lab2.bin
 
 
 
16:03:10 **** Incremental Build of configuration Debug for project Lab2 ****
make -j4 all 
arm-none-eabi-gcc "../Core/Src/main.c" -mcpu=cortex-m4 -std=gnu11 -g3 -DUSE_HAL_DRIVER -DSTM32F411xE -DDEBUG -c -I../Core/Inc -I../Drivers/STM32F4xx_HAL_Driver/Inc -I../Drivers/STM32F4xx_HAL_Driver/Inc/Legacy -I../Drivers/CMSIS/Device/ST/STM32F4xx/Include -I../Drivers/CMSIS/Include -O0 -ffunction-sections -fdata-sections -Wall -fstack-usage -MMD -MP -MF"Core/Src/main.d" -MT"Core/Src/main.o" --specs=nano.specs -mfpu=fpv4-sp-d16 -mfloat-abi=hard -mthumb -o "Core/Src/main.o"
../Core/Src/main.c: In function 'main':
../Core/Src/main.c:110:5: warning: implicit declaration of function 'buttonMatrix' [-Wimplicit-function-declaration]
     buttonMatrix();
     ^~~~~~~~~~~~
../Core/Src/main.c: At top level:
../Core/Src/main.c:315:8: warning: conflicting types for 'buttonMatrix'
   void buttonMatrix() {
        ^~~~~~~~~~~~
../Core/Src/main.c:110:5: note: previous implicit declaration of 'buttonMatrix' was here
     buttonMatrix();
     ^~~~~~~~~~~~
arm-none-eabi-g++ -o "Lab2.elf" @"objects.list"   -mcpu=cortex-m4 -T"C:\Users\Pakap\OneDrive\desktop\FRA222\FRA222\Lab2\STM32F411RETX_FLASH.ld" --specs=nosys.specs -Wl,-Map="Lab2.map" -Wl,--gc-sections -static --specs=nano.specs -mfpu=fpv4-sp-d16 -mfloat-abi=hard -mthumb -Wl,--start-group -lc -lm -lstdc++ -lsupc++ -Wl,--end-group
Finished building target: Lab2.elf
 
arm-none-eabi-objdump -h -S  Lab2.elf  > "Lab2.list"
arm-none-eabi-objcopy  -O binary  Lab2.elf  "Lab2.bin"
arm-none-eabi-size   Lab2.elf 
   text	   data	    bss	    dec	    hex	filename
  12480	    224	   1688	  14392	   3838	Lab2.elf
Finished building: default.size.stdout
Finished building: Lab2.list
Finished building: Lab2.bin
 
 
 
16:08:34 **** Incremental Build of configuration Debug for project Lab2 ****
make -j4 all 
arm-none-eabi-gcc "../Core/Src/main.c" -mcpu=cortex-m4 -std=gnu11 -g3 -DUSE_HAL_DRIVER -DSTM32F411xE -DDEBUG -c -I../Core/Inc -I../Drivers/STM32F4xx_HAL_Driver/Inc -I../Drivers/STM32F4xx_HAL_Driver/Inc/Legacy -I../Drivers/CMSIS/Device/ST/STM32F4xx/Include -I../Drivers/CMSIS/Include -O0 -ffunction-sections -fdata-sections -Wall -fstack-usage -MMD -MP -MF"Core/Src/main.d" -MT"Core/Src/main.o" --specs=nano.specs -mfpu=fpv4-sp-d16 -mfloat-abi=hard -mthumb -o "Core/Src/main.o"
../Core/Src/main.c: In function 'main':
../Core/Src/main.c:111:5: warning: implicit declaration of function 'buttonMatrix'; did you mean 'ButtonMatrix'? [-Wimplicit-function-declaration]
     buttonMatrix();
     ^~~~~~~~~~~~
     ButtonMatrix
../Core/Src/main.c: At top level:
../Core/Src/main.c:316:8: warning: conflicting types for 'buttonMatrix'
   void buttonMatrix() {
        ^~~~~~~~~~~~
../Core/Src/main.c:111:5: note: previous implicit declaration of 'buttonMatrix' was here
     buttonMatrix();
     ^~~~~~~~~~~~
arm-none-eabi-g++ -o "Lab2.elf" @"objects.list"   -mcpu=cortex-m4 -T"C:\Users\Pakap\OneDrive\desktop\FRA222\FRA222\Lab2\STM32F411RETX_FLASH.ld" --specs=nosys.specs -Wl,-Map="Lab2.map" -Wl,--gc-sections -static --specs=nano.specs -mfpu=fpv4-sp-d16 -mfloat-abi=hard -mthumb -Wl,--start-group -lc -lm -lstdc++ -lsupc++ -Wl,--end-group
Finished building target: Lab2.elf
 
arm-none-eabi-objdump -h -S  Lab2.elf  > "Lab2.list"
arm-none-eabi-objcopy  -O binary  Lab2.elf  "Lab2.bin"
arm-none-eabi-size   Lab2.elf 
   text	   data	    bss	    dec	    hex	filename
  12480	    224	   1688	  14392	   3838	Lab2.elf
Finished building: default.size.stdout
Finished building: Lab2.list
Finished building: Lab2.bin
 
 
 
16:09:14 **** Incremental Build of configuration Debug for project Lab2 ****
make -j4 all 
arm-none-eabi-gcc "../Core/Src/main.c" -mcpu=cortex-m4 -std=gnu11 -g3 -DUSE_HAL_DRIVER -DSTM32F411xE -DDEBUG -c -I../Core/Inc -I../Drivers/STM32F4xx_HAL_Driver/Inc -I../Drivers/STM32F4xx_HAL_Driver/Inc/Legacy -I../Drivers/CMSIS/Device/ST/STM32F4xx/Include -I../Drivers/CMSIS/Include -O0 -ffunction-sections -fdata-sections -Wall -fstack-usage -MMD -MP -MF"Core/Src/main.d" -MT"Core/Src/main.o" --specs=nano.specs -mfpu=fpv4-sp-d16 -mfloat-abi=hard -mthumb -o "Core/Src/main.o"
arm-none-eabi-g++ -o "Lab2.elf" @"objects.list"   -mcpu=cortex-m4 -T"C:\Users\Pakap\OneDrive\desktop\FRA222\FRA222\Lab2\STM32F411RETX_FLASH.ld" --specs=nosys.specs -Wl,-Map="Lab2.map" -Wl,--gc-sections -static --specs=nano.specs -mfpu=fpv4-sp-d16 -mfloat-abi=hard -mthumb -Wl,--start-group -lc -lm -lstdc++ -lsupc++ -Wl,--end-group
Finished building target: Lab2.elf
 
arm-none-eabi-objdump -h -S  Lab2.elf  > "Lab2.list"
arm-none-eabi-objcopy  -O binary  Lab2.elf  "Lab2.bin"
arm-none-eabi-size   Lab2.elf 
   text	   data	    bss	    dec	    hex	filename
  12480	    224	   1688	  14392	   3838	Lab2.elf
Finished building: default.size.stdout
Finished building: Lab2.list
Finished building: Lab2.bin
 
 
 
16:09:45 **** Incremental Build of configuration Debug for project Lab2 ****
make -j4 all 
arm-none-eabi-size   Lab2.elf 
   text	   data	    bss	    dec	    hex	filename
  12480	    224	   1688	  14392	   3838	Lab2.elf
Finished building: default.size.stdout
 
16:15:50 **** Incremental Build of configuration Debug for project Lab2 ****
make -j4 all 
arm-none-eabi-size   Lab2.elf 
   text	   data	    bss	    dec	    hex	filename
  12480	    224	   1688	  14392	   3838	Lab2.elf
Finished building: default.size.stdout
 
16:29:06 **** Incremental Build of configuration Debug for project week3 ****
make -j4 all 
arm-none-eabi-size   week3.elf 
   text	   data	    bss	    dec	    hex	filename
  10544	     20	   1764	  12328	   3028	week3.elf
Finished building: default.size.stdout
 
16:29:08 **** Incremental Build of configuration Debug for project week3 ****
make -j4 all 
arm-none-eabi-size   week3.elf 
   text	   data	    bss	    dec	    hex	filename
  10544	     20	   1764	  12328	   3028	week3.elf
Finished building: default.size.stdout
 
16:29:10 **** Incremental Build of configuration Debug for project week3 ****
make -j4 all 
arm-none-eabi-size   week3.elf 
   text	   data	    bss	    dec	    hex	filename
  10544	     20	   1764	  12328	   3028	week3.elf
Finished building: default.size.stdout
 
16:29:39 **** Build of configuration Debug for project LAB3 ****
make -j4 all 
arm-none-eabi-gcc "../Drivers/STM32F4xx_HAL_Driver/Src/stm32f4xx_hal.c" -mcpu=cortex-m4 -std=gnu11 -g3 -DUSE_HAL_DRIVER -DSTM32F411xE -DDEBUG -c -I../Core/Inc -I../Drivers/STM32F4xx_HAL_Driver/Inc -I../Drivers/STM32F4xx_HAL_Driver/Inc/Legacy -I../Drivers/CMSIS/Device/ST/STM32F4xx/Include -I../Drivers/CMSIS/Include -O0 -ffunction-sections -fdata-sections -Wall -fstack-usage -MMD -MP -MF"Drivers/STM32F4xx_HAL_Driver/Src/stm32f4xx_hal.d" -MT"Drivers/STM32F4xx_HAL_Driver/Src/stm32f4xx_hal.o" --specs=nano.specs -mfpu=fpv4-sp-d16 -mfloat-abi=hard -mthumb -o "Drivers/STM32F4xx_HAL_Driver/Src/stm32f4xx_hal.o"
arm-none-eabi-gcc "../Drivers/STM32F4xx_HAL_Driver/Src/stm32f4xx_hal_adc.c" -mcpu=cortex-m4 -std=gnu11 -g3 -DUSE_HAL_DRIVER -DSTM32F411xE -DDEBUG -c -I../Core/Inc -I../Drivers/STM32F4xx_HAL_Driver/Inc -I../Drivers/STM32F4xx_HAL_Driver/Inc/Legacy -I../Drivers/CMSIS/Device/ST/STM32F4xx/Include -I../Drivers/CMSIS/Include -O0 -ffunction-sections -fdata-sections -Wall -fstack-usage -MMD -MP -MF"Drivers/STM32F4xx_HAL_Driver/Src/stm32f4xx_hal_adc.d" -MT"Drivers/STM32F4xx_HAL_Driver/Src/stm32f4xx_hal_adc.o" --specs=nano.specs -mfpu=fpv4-sp-d16 -mfloat-abi=hard -mthumb -o "Drivers/STM32F4xx_HAL_Driver/Src/stm32f4xx_hal_adc.o"
arm-none-eabi-gcc "../Drivers/STM32F4xx_HAL_Driver/Src/stm32f4xx_hal_adc_ex.c" -mcpu=cortex-m4 -std=gnu11 -g3 -DUSE_HAL_DRIVER -DSTM32F411xE -DDEBUG -c -I../Core/Inc -I../Drivers/STM32F4xx_HAL_Driver/Inc -I../Drivers/STM32F4xx_HAL_Driver/Inc/Legacy -I../Drivers/CMSIS/Device/ST/STM32F4xx/Include -I../Drivers/CMSIS/Include -O0 -ffunction-sections -fdata-sections -Wall -fstack-usage -MMD -MP -MF"Drivers/STM32F4xx_HAL_Driver/Src/stm32f4xx_hal_adc_ex.d" -MT"Drivers/STM32F4xx_HAL_Driver/Src/stm32f4xx_hal_adc_ex.o" --specs=nano.specs -mfpu=fpv4-sp-d16 -mfloat-abi=hard -mthumb -o "Drivers/STM32F4xx_HAL_Driver/Src/stm32f4xx_hal_adc_ex.o"
arm-none-eabi-gcc "../Drivers/STM32F4xx_HAL_Driver/Src/stm32f4xx_hal_cortex.c" -mcpu=cortex-m4 -std=gnu11 -g3 -DUSE_HAL_DRIVER -DSTM32F411xE -DDEBUG -c -I../Core/Inc -I../Drivers/STM32F4xx_HAL_Driver/Inc -I../Drivers/STM32F4xx_HAL_Driver/Inc/Legacy -I../Drivers/CMSIS/Device/ST/STM32F4xx/Include -I../Drivers/CMSIS/Include -O0 -ffunction-sections -fdata-sections -Wall -fstack-usage -MMD -MP -MF"Drivers/STM32F4xx_HAL_Driver/Src/stm32f4xx_hal_cortex.d" -MT"Drivers/STM32F4xx_HAL_Driver/Src/stm32f4xx_hal_cortex.o" --specs=nano.specs -mfpu=fpv4-sp-d16 -mfloat-abi=hard -mthumb -o "Drivers/STM32F4xx_HAL_Driver/Src/stm32f4xx_hal_cortex.o"
arm-none-eabi-gcc "../Drivers/STM32F4xx_HAL_Driver/Src/stm32f4xx_hal_dma.c" -mcpu=cortex-m4 -std=gnu11 -g3 -DUSE_HAL_DRIVER -DSTM32F411xE -DDEBUG -c -I../Core/Inc -I../Drivers/STM32F4xx_HAL_Driver/Inc -I../Drivers/STM32F4xx_HAL_Driver/Inc/Legacy -I../Drivers/CMSIS/Device/ST/STM32F4xx/Include -I../Drivers/CMSIS/Include -O0 -ffunction-sections -fdata-sections -Wall -fstack-usage -MMD -MP -MF"Drivers/STM32F4xx_HAL_Driver/Src/stm32f4xx_hal_dma.d" -MT"Drivers/STM32F4xx_HAL_Driver/Src/stm32f4xx_hal_dma.o" --specs=nano.specs -mfpu=fpv4-sp-d16 -mfloat-abi=hard -mthumb -o "Drivers/STM32F4xx_HAL_Driver/Src/stm32f4xx_hal_dma.o"
arm-none-eabi-gcc "../Drivers/STM32F4xx_HAL_Driver/Src/stm32f4xx_hal_dma_ex.c" -mcpu=cortex-m4 -std=gnu11 -g3 -DUSE_HAL_DRIVER -DSTM32F411xE -DDEBUG -c -I../Core/Inc -I../Drivers/STM32F4xx_HAL_Driver/Inc -I../Drivers/STM32F4xx_HAL_Driver/Inc/Legacy -I../Drivers/CMSIS/Device/ST/STM32F4xx/Include -I../Drivers/CMSIS/Include -O0 -ffunction-sections -fdata-sections -Wall -fstack-usage -MMD -MP -MF"Drivers/STM32F4xx_HAL_Driver/Src/stm32f4xx_hal_dma_ex.d" -MT"Drivers/STM32F4xx_HAL_Driver/Src/stm32f4xx_hal_dma_ex.o" --specs=nano.specs -mfpu=fpv4-sp-d16 -mfloat-abi=hard -mthumb -o "Drivers/STM32F4xx_HAL_Driver/Src/stm32f4xx_hal_dma_ex.o"
arm-none-eabi-gcc "../Drivers/STM32F4xx_HAL_Driver/Src/stm32f4xx_hal_exti.c" -mcpu=cortex-m4 -std=gnu11 -g3 -DUSE_HAL_DRIVER -DSTM32F411xE -DDEBUG -c -I../Core/Inc -I../Drivers/STM32F4xx_HAL_Driver/Inc -I../Drivers/STM32F4xx_HAL_Driver/Inc/Legacy -I../Drivers/CMSIS/Device/ST/STM32F4xx/Include -I../Drivers/CMSIS/Include -O0 -ffunction-sections -fdata-sections -Wall -fstack-usage -MMD -MP -MF"Drivers/STM32F4xx_HAL_Driver/Src/stm32f4xx_hal_exti.d" -MT"Drivers/STM32F4xx_HAL_Driver/Src/stm32f4xx_hal_exti.o" --specs=nano.specs -mfpu=fpv4-sp-d16 -mfloat-abi=hard -mthumb -o "Drivers/STM32F4xx_HAL_Driver/Src/stm32f4xx_hal_exti.o"
[...]
arm-none-eabi-g++ -o "week4.elf" @"objects.list"   -mcpu=cortex-m4 -T"C:\Users\Pakap\OneDrive\desktop\FRA222\FRA222\week4\STM32F411RETX_FLASH.ld" --specs=nosys.specs -Wl,-Map="week4.map" -Wl,--gc-sections -static --specs=nano.specs -mfpu=fpv4-sp-d16 -mfloat-abi=hard -mthumb -Wl,--start-group -lc -lm -lstdc++ -lsupc++ -Wl,--end-group
Finished building target: week4.elf
 
arm-none-eabi-objdump -h -S  week4.elf  > "week4.list"
arm-none-eabi-objcopy  -O binary  week4.elf  "week4.bin"
arm-none-eabi-size   week4.elf 
   text	   data	    bss	    dec	    hex	filename
  12832	     20	   1836	  14688	   3960	week4.elf
Finished building: default.size.stdout
 
Finished building: week4.bin
 
Finished building: week4.list
 
14:12:53 **** Incremental Build of configuration Debug for project week4 ****
make -j4 all 
arm-none-eabi-gcc "../Core/Src/main.c" -mcpu=cortex-m4 -std=gnu11 -g3 -DUSE_HAL_DRIVER -DSTM32F411xE -DDEBUG -c -I../Core/Inc -I../Drivers/STM32F4xx_HAL_Driver/Inc -I../Drivers/STM32F4xx_HAL_Driver/Inc/Legacy -I../Drivers/CMSIS/Device/ST/STM32F4xx/Include -I../Drivers/CMSIS/Include -O0 -ffunction-sections -fdata-sections -Wall -fstack-usage -MMD -MP -MF"Core/Src/main.d" -MT"Core/Src/main.o" --specs=nano.specs -mfpu=fpv4-sp-d16 -mfloat-abi=hard -mthumb -o "Core/Src/main.o"
arm-none-eabi-g++ -o "week4.elf" @"objects.list"   -mcpu=cortex-m4 -T"C:\Users\Pakap\OneDrive\desktop\FRA222\FRA222\week4\STM32F411RETX_FLASH.ld" --specs=nosys.specs -Wl,-Map="week4.map" -Wl,--gc-sections -static --specs=nano.specs -mfpu=fpv4-sp-d16 -mfloat-abi=hard -mthumb -Wl,--start-group -lc -lm -lstdc++ -lsupc++ -Wl,--end-group
Finished building target: week4.elf
 
arm-none-eabi-objdump -h -S  week4.elf  > "week4.list"
arm-none-eabi-objcopy  -O binary  week4.elf  "week4.bin"
arm-none-eabi-size   week4.elf 
   text	   data	    bss	    dec	    hex	filename
  12860	     20	   1844	  14724	   3984	week4.elf
Finished building: default.size.stdout
 
Finished building: week4.bin
Finished building: week4.list
 
 
14:13:55 **** Incremental Build of configuration Debug for project week4 ****
make -j4 all 
arm-none-eabi-gcc "../Core/Src/main.c" -mcpu=cortex-m4 -std=gnu11 -g3 -DUSE_HAL_DRIVER -DSTM32F411xE -DDEBUG -c -I../Core/Inc -I../Drivers/STM32F4xx_HAL_Driver/Inc -I../Drivers/STM32F4xx_HAL_Driver/Inc/Legacy -I../Drivers/CMSIS/Device/ST/STM32F4xx/Include -I../Drivers/CMSIS/Include -O0 -ffunction-sections -fdata-sections -Wall -fstack-usage -MMD -MP -MF"Core/Src/main.d" -MT"Core/Src/main.o" --specs=nano.specs -mfpu=fpv4-sp-d16 -mfloat-abi=hard -mthumb -o "Core/Src/main.o"
arm-none-eabi-g++ -o "week4.elf" @"objects.list"   -mcpu=cortex-m4 -T"C:\Users\Pakap\OneDrive\desktop\FRA222\FRA222\week4\STM32F411RETX_FLASH.ld" --specs=nosys.specs -Wl,-Map="week4.map" -Wl,--gc-sections -static --specs=nano.specs -mfpu=fpv4-sp-d16 -mfloat-abi=hard -mthumb -Wl,--start-group -lc -lm -lstdc++ -lsupc++ -Wl,--end-group
Finished building target: week4.elf
 
arm-none-eabi-objdump -h -S  week4.elf  > "week4.list"
arm-none-eabi-objcopy  -O binary  week4.elf  "week4.bin"
arm-none-eabi-size   week4.elf 
   text	   data	    bss	    dec	    hex	filename
  12876	     20	   1844	  14740	   3994	week4.elf
Finished building: default.size.stdout
 
Finished building: week4.bin
Finished building: week4.list
 
 
14:14:39 **** Incremental Build of configuration Debug for project week4 ****
make -j4 all 
arm-none-eabi-gcc "../Core/Src/main.c" -mcpu=cortex-m4 -std=gnu11 -g3 -DUSE_HAL_DRIVER -DSTM32F411xE -DDEBUG -c -I../Core/Inc -I../Drivers/STM32F4xx_HAL_Driver/Inc -I../Drivers/STM32F4xx_HAL_Driver/Inc/Legacy -I../Drivers/CMSIS/Device/ST/STM32F4xx/Include -I../Drivers/CMSIS/Include -O0 -ffunction-sections -fdata-sections -Wall -fstack-usage -MMD -MP -MF"Core/Src/main.d" -MT"Core/Src/main.o" --specs=nano.specs -mfpu=fpv4-sp-d16 -mfloat-abi=hard -mthumb -o "Core/Src/main.o"
arm-none-eabi-g++ -o "week4.elf" @"objects.list"   -mcpu=cortex-m4 -T"C:\Users\Pakap\OneDrive\desktop\FRA222\FRA222\week4\STM32F411RETX_FLASH.ld" --specs=nosys.specs -Wl,-Map="week4.map" -Wl,--gc-sections -static --specs=nano.specs -mfpu=fpv4-sp-d16 -mfloat-abi=hard -mthumb -Wl,--start-group -lc -lm -lstdc++ -lsupc++ -Wl,--end-group
Finished building target: week4.elf
 
arm-none-eabi-objdump -h -S  week4.elf  > "week4.list"
arm-none-eabi-objcopy  -O binary  week4.elf  "week4.bin"
arm-none-eabi-size   week4.elf 
   text	   data	    bss	    dec	    hex	filename
  12876	     20	   1844	  14740	   3994	week4.elf
Finished building: default.size.stdout
 
Finished building: week4.bin
Finished building: week4.list
 
 
14:19:29 **** Incremental Build of configuration Debug for project week4 ****
make -j4 all 
arm-none-eabi-gcc "../Drivers/STM32F4xx_HAL_Driver/Src/stm32f4xx_hal.c" -mcpu=cortex-m4 -std=gnu11 -g3 -DUSE_HAL_DRIVER -DSTM32F411xE -DDEBUG -c -I../Core/Inc -I../Drivers/STM32F4xx_HAL_Driver/Inc -I../Drivers/STM32F4xx_HAL_Driver/Inc/Legacy -I../Drivers/CMSIS/Device/ST/STM32F4xx/Include -I../Drivers/CMSIS/Include -O0 -ffunction-sections -fdata-sections -Wall -fstack-usage -MMD -MP -MF"Drivers/STM32F4xx_HAL_Driver/Src/stm32f4xx_hal.d" -MT"Drivers/STM32F4xx_HAL_Driver/Src/stm32f4xx_hal.o" --specs=nano.specs -mfpu=fpv4-sp-d16 -mfloat-abi=hard -mthumb -o "Drivers/STM32F4xx_HAL_Driver/Src/stm32f4xx_hal.o"
arm-none-eabi-gcc "../Drivers/STM32F4xx_HAL_Driver/Src/stm32f4xx_hal_adc.c" -mcpu=cortex-m4 -std=gnu11 -g3 -DUSE_HAL_DRIVER -DSTM32F411xE -DDEBUG -c -I../Core/Inc -I../Drivers/STM32F4xx_HAL_Driver/Inc -I../Drivers/STM32F4xx_HAL_Driver/Inc/Legacy -I../Drivers/CMSIS/Device/ST/STM32F4xx/Include -I../Drivers/CMSIS/Include -O0 -ffunction-sections -fdata-sections -Wall -fstack-usage -MMD -MP -MF"Drivers/STM32F4xx_HAL_Driver/Src/stm32f4xx_hal_adc.d" -MT"Drivers/STM32F4xx_HAL_Driver/Src/stm32f4xx_hal_adc.o" --specs=nano.specs -mfpu=fpv4-sp-d16 -mfloat-abi=hard -mthumb -o "Drivers/STM32F4xx_HAL_Driver/Src/stm32f4xx_hal_adc.o"
arm-none-eabi-gcc "../Drivers/STM32F4xx_HAL_Driver/Src/stm32f4xx_hal_adc_ex.c" -mcpu=cortex-m4 -std=gnu11 -g3 -DUSE_HAL_DRIVER -DSTM32F411xE -DDEBUG -c -I../Core/Inc -I../Drivers/STM32F4xx_HAL_Driver/Inc -I../Drivers/STM32F4xx_HAL_Driver/Inc/Legacy -I../Drivers/CMSIS/Device/ST/STM32F4xx/Include -I../Drivers/CMSIS/Include -O0 -ffunction-sections -fdata-sections -Wall -fstack-usage -MMD -MP -MF"Drivers/STM32F4xx_HAL_Driver/Src/stm32f4xx_hal_adc_ex.d" -MT"Drivers/STM32F4xx_HAL_Driver/Src/stm32f4xx_hal_adc_ex.o" --specs=nano.specs -mfpu=fpv4-sp-d16 -mfloat-abi=hard -mthumb -o "Drivers/STM32F4xx_HAL_Driver/Src/stm32f4xx_hal_adc_ex.o"
arm-none-eabi-gcc "../Drivers/STM32F4xx_HAL_Driver/Src/stm32f4xx_hal_cortex.c" -mcpu=cortex-m4 -std=gnu11 -g3 -DUSE_HAL_DRIVER -DSTM32F411xE -DDEBUG -c -I../Core/Inc -I../Drivers/STM32F4xx_HAL_Driver/Inc -I../Drivers/STM32F4xx_HAL_Driver/Inc/Legacy -I../Drivers/CMSIS/Device/ST/STM32F4xx/Include -I../Drivers/CMSIS/Include -O0 -ffunction-sections -fdata-sections -Wall -fstack-usage -MMD -MP -MF"Drivers/STM32F4xx_HAL_Driver/Src/stm32f4xx_hal_cortex.d" -MT"Drivers/STM32F4xx_HAL_Driver/Src/stm32f4xx_hal_cortex.o" --specs=nano.specs -mfpu=fpv4-sp-d16 -mfloat-abi=hard -mthumb -o "Drivers/STM32F4xx_HAL_Driver/Src/stm32f4xx_hal_cortex.o"
arm-none-eabi-gcc "../Drivers/STM32F4xx_HAL_Driver/Src/stm32f4xx_hal_dma.c" -mcpu=cortex-m4 -std=gnu11 -g3 -DUSE_HAL_DRIVER -DSTM32F411xE -DDEBUG -c -I../Core/Inc -I../Drivers/STM32F4xx_HAL_Driver/Inc -I../Drivers/STM32F4xx_HAL_Driver/Inc/Legacy -I../Drivers/CMSIS/Device/ST/STM32F4xx/Include -I../Drivers/CMSIS/Include -O0 -ffunction-sections -fdata-sections -Wall -fstack-usage -MMD -MP -MF"Drivers/STM32F4xx_HAL_Driver/Src/stm32f4xx_hal_dma.d" -MT"Drivers/STM32F4xx_HAL_Driver/Src/stm32f4xx_hal_dma.o" --specs=nano.specs -mfpu=fpv4-sp-d16 -mfloat-abi=hard -mthumb -o "Drivers/STM32F4xx_HAL_Driver/Src/stm32f4xx_hal_dma.o"
arm-none-eabi-gcc "../Drivers/STM32F4xx_HAL_Driver/Src/stm32f4xx_hal_dma_ex.c" -mcpu=cortex-m4 -std=gnu11 -g3 -DUSE_HAL_DRIVER -DSTM32F411xE -DDEBUG -c -I../Core/Inc -I../Drivers/STM32F4xx_HAL_Driver/Inc -I../Drivers/STM32F4xx_HAL_Driver/Inc/Legacy -I../Drivers/CMSIS/Device/ST/STM32F4xx/Include -I../Drivers/CMSIS/Include -O0 -ffunction-sections -fdata-sections -Wall -fstack-usage -MMD -MP -MF"Drivers/STM32F4xx_HAL_Driver/Src/stm32f4xx_hal_dma_ex.d" -MT"Drivers/STM32F4xx_HAL_Driver/Src/stm32f4xx_hal_dma_ex.o" --specs=nano.specs -mfpu=fpv4-sp-d16 -mfloat-abi=hard -mthumb -o "Drivers/STM32F4xx_HAL_Driver/Src/stm32f4xx_hal_dma_ex.o"
arm-none-eabi-gcc "../Drivers/STM32F4xx_HAL_Driver/Src/stm32f4xx_hal_exti.c" -mcpu=cortex-m4 -std=gnu11 -g3 -DUSE_HAL_DRIVER -DSTM32F411xE -DDEBUG -c -I../Core/Inc -I../Drivers/STM32F4xx_HAL_Driver/Inc -I../Drivers/STM32F4xx_HAL_Driver/Inc/Legacy -I../Drivers/CMSIS/Device/ST/STM32F4xx/Include -I../Drivers/CMSIS/Include -O0 -ffunction-sections -fdata-sections -Wall -fstack-usage -MMD -MP -MF"Drivers/STM32F4xx_HAL_Driver/Src/stm32f4xx_hal_exti.d" -MT"Drivers/STM32F4xx_HAL_Driver/Src/stm32f4xx_hal_exti.o" --specs=nano.specs -mfpu=fpv4-sp-d16 -mfloat-abi=hard -mthumb -o "Drivers/STM32F4xx_HAL_Driver/Src/stm32f4xx_hal_exti.o"
arm-none-eabi-gcc "../Drivers/STM32F4xx_HAL_Driver/Src/stm32f4xx_hal_flash.c" -mcpu=cortex-m4 -std=gnu11 -g3 -DUSE_HAL_DRIVER -DSTM32F411xE -DDEBUG -c -I../Core/Inc -I../Drivers/STM32F4xx_HAL_Driver/Inc -I../Drivers/STM32F4xx_HAL_Driver/Inc/Legacy -I../Drivers/CMSIS/Device/ST/STM32F4xx/Include -I../Drivers/CMSIS/Include -O0 -ffunction-sections -fdata-sections -Wall -fstack-usage -MMD -MP -MF"Drivers/STM32F4xx_HAL_Driver/Src/stm32f4xx_hal_flash.d" -MT"Drivers/STM32F4xx_HAL_Driver/Src/stm32f4xx_hal_flash.o" --specs=nano.specs -mfpu=fpv4-sp-d16 -mfloat-abi=hard -mthumb -o "Drivers/STM32F4xx_HAL_Driver/Src/stm32f4xx_hal_flash.o"
arm-none-eabi-gcc "../Drivers/STM32F4xx_HAL_Driver/Src/stm32f4xx_hal_flash_ex.c" -mcpu=cortex-m4 -std=gnu11 -g3 -DUSE_HAL_DRIVER -DSTM32F411xE -DDEBUG -c -I../Core/Inc -I../Drivers/STM32F4xx_HAL_Driver/Inc -I../Drivers/STM32F4xx_HAL_Driver/Inc/Legacy -I../Drivers/CMSIS/Device/ST/STM32F4xx/Include -I../Drivers/CMSIS/Include -O0 -ffunction-sections -fdata-sections -Wall -fstack-usage -MMD -MP -MF"Drivers/STM32F4xx_HAL_Driver/Src/stm32f4xx_hal_flash_ex.d" -MT"Drivers/STM32F4xx_HAL_Driver/Src/stm32f4xx_hal_flash_ex.o" --specs=nano.specs -mfpu=fpv4-sp-d16 -mfloat-abi=hard -mthumb -o "Drivers/STM32F4xx_HAL_Driver/Src/stm32f4xx_hal_flash_ex.o"
arm-none-eabi-gcc "../Drivers/STM32F4xx_HAL_Driver/Src/stm32f4xx_hal_flash_ramfunc.c" -mcpu=cortex-m4 -std=gnu11 -g3 -DUSE_HAL_DRIVER -DSTM32F411xE -DDEBUG -c -I../Core/Inc -I../Drivers/STM32F4xx_HAL_Driver/Inc -I../Drivers/STM32F4xx_HAL_Driver/Inc/Legacy -I../Drivers/CMSIS/Device/ST/STM32F4xx/Include -I../Drivers/CMSIS/Include -O0 -ffunction-sections -fdata-sections -Wall -fstack-usage -MMD -MP -MF"Drivers/STM32F4xx_HAL_Driver/Src/stm32f4xx_hal_flash_ramfunc.d" -MT"Drivers/STM32F4xx_HAL_Driver/Src/stm32f4xx_hal_flash_ramfunc.o" --specs=nano.specs -mfpu=fpv4-sp-d16 -mfloat-abi=hard -mthumb -o "Drivers/STM32F4xx_HAL_Driver/Src/stm32f4xx_hal_flash_ramfunc.o"
arm-none-eabi-gcc "../Drivers/STM32F4xx_HAL_Driver/Src/stm32f4xx_hal_gpio.c" -mcpu=cortex-m4 -std=gnu11 -g3 -DUSE_HAL_DRIVER -DSTM32F411xE -DDEBUG -c -I../Core/Inc -I../Drivers/STM32F4xx_HAL_Driver/Inc -I../Drivers/STM32F4xx_HAL_Driver/Inc/Legacy -I../Drivers/CMSIS/Device/ST/STM32F4xx/Include -I../Drivers/CMSIS/Include -O0 -ffunction-sections -fdata-sections -Wall -fstack-usage -MMD -MP -MF"Drivers/STM32F4xx_HAL_Driver/Src/stm32f4xx_hal_gpio.d" -MT"Drivers/STM32F4xx_HAL_Driver/Src/stm32f4xx_hal_gpio.o" --specs=nano.specs -mfpu=fpv4-sp-d16 -mfloat-abi=hard -mthumb -o "Drivers/STM32F4xx_HAL_Driver/Src/stm32f4xx_hal_gpio.o"
arm-none-eabi-gcc "../Drivers/STM32F4xx_HAL_Driver/Src/stm32f4xx_hal_pwr.c" -mcpu=cortex-m4 -std=gnu11 -g3 -DUSE_HAL_DRIVER -DSTM32F411xE -DDEBUG -c -I../Core/Inc -I../Drivers/STM32F4xx_HAL_Driver/Inc -I../Drivers/STM32F4xx_HAL_Driver/Inc/Legacy -I../Drivers/CMSIS/Device/ST/STM32F4xx/Include -I../Drivers/CMSIS/Include -O0 -ffunction-sections -fdata-sections -Wall -fstack-usage -MMD -MP -MF"Drivers/STM32F4xx_HAL_Driver/Src/stm32f4xx_hal_pwr.d" -MT"Drivers/STM32F4xx_HAL_Driver/Src/stm32f4xx_hal_pwr.o" --specs=nano.specs -mfpu=fpv4-sp-d16 -mfloat-abi=hard -mthumb -o "Drivers/STM32F4xx_HAL_Driver/Src/stm32f4xx_hal_pwr.o"
arm-none-eabi-gcc "../Drivers/STM32F4xx_HAL_Driver/Src/stm32f4xx_hal_pwr_ex.c" -mcpu=cortex-m4 -std=gnu11 -g3 -DUSE_HAL_DRIVER -DSTM32F411xE -DDEBUG -c -I../Core/Inc -I../Drivers/STM32F4xx_HAL_Driver/Inc -I../Drivers/STM32F4xx_HAL_Driver/Inc/Legacy -I../Drivers/CMSIS/Device/ST/STM32F4xx/Include -I../Drivers/CMSIS/Include -O0 -ffunction-sections -fdata-sections -Wall -fstack-usage -MMD -MP -MF"Drivers/STM32F4xx_HAL_Driver/Src/stm32f4xx_hal_pwr_ex.d" -MT"Drivers/STM32F4xx_HAL_Driver/Src/stm32f4xx_hal_pwr_ex.o" --specs=nano.specs -mfpu=fpv4-sp-d16 -mfloat-abi=hard -mthumb -o "Drivers/STM32F4xx_HAL_Driver/Src/stm32f4xx_hal_pwr_ex.o"
arm-none-eabi-gcc "../Drivers/STM32F4xx_HAL_Driver/Src/stm32f4xx_hal_rcc.c" -mcpu=cortex-m4 -std=gnu11 -g3 -DUSE_HAL_DRIVER -DSTM32F411xE -DDEBUG -c -I../Core/Inc -I../Drivers/STM32F4xx_HAL_Driver/Inc -I../Drivers/STM32F4xx_HAL_Driver/Inc/Legacy -I../Drivers/CMSIS/Device/ST/STM32F4xx/Include -I../Drivers/CMSIS/Include -O0 -ffunction-sections -fdata-sections -Wall -fstack-usage -MMD -MP -MF"Drivers/STM32F4xx_HAL_Driver/Src/stm32f4xx_hal_rcc.d" -MT"Drivers/STM32F4xx_HAL_Driver/Src/stm32f4xx_hal_rcc.o" --specs=nano.specs -mfpu=fpv4-sp-d16 -mfloat-abi=hard -mthumb -o "Drivers/STM32F4xx_HAL_Driver/Src/stm32f4xx_hal_rcc.o"
arm-none-eabi-gcc "../Drivers/STM32F4xx_HAL_Driver/Src/stm32f4xx_hal_rcc_ex.c" -mcpu=cortex-m4 -std=gnu11 -g3 -DUSE_HAL_DRIVER -DSTM32F411xE -DDEBUG -c -I../Core/Inc -I../Drivers/STM32F4xx_HAL_Driver/Inc -I../Drivers/STM32F4xx_HAL_Driver/Inc/Legacy -I../Drivers/CMSIS/Device/ST/STM32F4xx/Include -I../Drivers/CMSIS/Include -O0 -ffunction-sections -fdata-sections -Wall -fstack-usage -MMD -MP -MF"Drivers/STM32F4xx_HAL_Driver/Src/stm32f4xx_hal_rcc_ex.d" -MT"Drivers/STM32F4xx_HAL_Driver/Src/stm32f4xx_hal_rcc_ex.o" --specs=nano.specs -mfpu=fpv4-sp-d16 -mfloat-abi=hard -mthumb -o "Drivers/STM32F4xx_HAL_Driver/Src/stm32f4xx_hal_rcc_ex.o"
arm-none-eabi-gcc "../Drivers/STM32F4xx_HAL_Driver/Src/stm32f4xx_hal_tim.c" -mcpu=cortex-m4 -std=gnu11 -g3 -DUSE_HAL_DRIVER -DSTM32F411xE -DDEBUG -c -I../Core/Inc -I../Drivers/STM32F4xx_HAL_Driver/Inc -I../Drivers/STM32F4xx_HAL_Driver/Inc/Legacy -I../Drivers/CMSIS/Device/ST/STM32F4xx/Include -I../Drivers/CMSIS/Include -O0 -ffunction-sections -fdata-sections -Wall -fstack-usage -MMD -MP -MF"Drivers/STM32F4xx_HAL_Driver/Src/stm32f4xx_hal_tim.d" -MT"Drivers/STM32F4xx_HAL_Driver/Src/stm32f4xx_hal_tim.o" --specs=nano.specs -mfpu=fpv4-sp-d16 -mfloat-abi=hard -mthumb -o "Drivers/STM32F4xx_HAL_Driver/Src/stm32f4xx_hal_tim.o"
arm-none-eabi-gcc "../Drivers/STM32F4xx_HAL_Driver/Src/stm32f4xx_hal_tim_ex.c" -mcpu=cortex-m4 -std=gnu11 -g3 -DUSE_HAL_DRIVER -DSTM32F411xE -DDEBUG -c -I../Core/Inc -I../Drivers/STM32F4xx_HAL_Driver/Inc -I../Drivers/STM32F4xx_HAL_Driver/Inc/Legacy -I../Drivers/CMSIS/Device/ST/STM32F4xx/Include -I../Drivers/CMSIS/Include -O0 -ffunction-sections -fdata-sections -Wall -fstack-usage -MMD -MP -MF"Drivers/STM32F4xx_HAL_Driver/Src/stm32f4xx_hal_tim_ex.d" -MT"Drivers/STM32F4xx_HAL_Driver/Src/stm32f4xx_hal_tim_ex.o" --specs=nano.specs -mfpu=fpv4-sp-d16 -mfloat-abi=hard -mthumb -o "Drivers/STM32F4xx_HAL_Driver/Src/stm32f4xx_hal_tim_ex.o"
arm-none-eabi-gcc "../Drivers/STM32F4xx_HAL_Driver/Src/stm32f4xx_hal_uart.c" -mcpu=cortex-m4 -std=gnu11 -g3 -DUSE_HAL_DRIVER -DSTM32F411xE -DDEBUG -c -I../Core/Inc -I../Drivers/STM32F4xx_HAL_Driver/Inc -I../Drivers/STM32F4xx_HAL_Driver/Inc/Legacy -I../Drivers/CMSIS/Device/ST/STM32F4xx/Include -I../Drivers/CMSIS/Include -O0 -ffunction-sections -fdata-sections -Wall -fstack-usage -MMD -MP -MF"Drivers/STM32F4xx_HAL_Driver/Src/stm32f4xx_hal_uart.d" -MT"Drivers/STM32F4xx_HAL_Driver/Src/stm32f4xx_hal_uart.o" --specs=nano.specs -mfpu=fpv4-sp-d16 -mfloat-abi=hard -mthumb -o "Drivers/STM32F4xx_HAL_Driver/Src/stm32f4xx_hal_uart.o"
arm-none-eabi-gcc "../Core/Src/main.c" -mcpu=cortex-m4 -std=gnu11 -g3 -DUSE_HAL_DRIVER -DSTM32F411xE -DDEBUG -c -I../Core/Inc -I../Drivers/STM32F4xx_HAL_Driver/Inc -I../Drivers/STM32F4xx_HAL_Driver/Inc/Legacy -I../Drivers/CMSIS/Device/ST/STM32F4xx/Include -I../Drivers/CMSIS/Include -O0 -ffunction-sections -fdata-sections -Wall -fstack-usage -MMD -MP -MF"Core/Src/main.d" -MT"Core/Src/main.o" --specs=nano.specs -mfpu=fpv4-sp-d16 -mfloat-abi=hard -mthumb -o "Core/Src/main.o"
arm-none-eabi-gcc "../Core/Src/stm32f4xx_hal_msp.c" -mcpu=cortex-m4 -std=gnu11 -g3 -DUSE_HAL_DRIVER -DSTM32F411xE -DDEBUG -c -I../Core/Inc -I../Drivers/STM32F4xx_HAL_Driver/Inc -I../Drivers/STM32F4xx_HAL_Driver/Inc/Legacy -I../Drivers/CMSIS/Device/ST/STM32F4xx/Include -I../Drivers/CMSIS/Include -O0 -ffunction-sections -fdata-sections -Wall -fstack-usage -MMD -MP -MF"Core/Src/stm32f4xx_hal_msp.d" -MT"Core/Src/stm32f4xx_hal_msp.o" --specs=nano.specs -mfpu=fpv4-sp-d16 -mfloat-abi=hard -mthumb -o "Core/Src/stm32f4xx_hal_msp.o"
arm-none-eabi-gcc "../Core/Src/stm32f4xx_it.c" -mcpu=cortex-m4 -std=gnu11 -g3 -DUSE_HAL_DRIVER -DSTM32F411xE -DDEBUG -c -I../Core/Inc -I../Drivers/STM32F4xx_HAL_Driver/Inc -I../Drivers/STM32F4xx_HAL_Driver/Inc/Legacy -I../Drivers/CMSIS/Device/ST/STM32F4xx/Include -I../Drivers/CMSIS/Include -O0 -ffunction-sections -fdata-sections -Wall -fstack-usage -MMD -MP -MF"Core/Src/stm32f4xx_it.d" -MT"Core/Src/stm32f4xx_it.o" --specs=nano.specs -mfpu=fpv4-sp-d16 -mfloat-abi=hard -mthumb -o "Core/Src/stm32f4xx_it.o"
arm-none-eabi-gcc "../Core/Src/system_stm32f4xx.c" -mcpu=cortex-m4 -std=gnu11 -g3 -DUSE_HAL_DRIVER -DSTM32F411xE -DDEBUG -c -I../Core/Inc -I../Drivers/STM32F4xx_HAL_Driver/Inc -I../Drivers/STM32F4xx_HAL_Driver/Inc/Legacy -I../Drivers/CMSIS/Device/ST/STM32F4xx/Include -I../Drivers/CMSIS/Include -O0 -ffunction-sections -fdata-sections -Wall -fstack-usage -MMD -MP -MF"Core/Src/system_stm32f4xx.d" -MT"Core/Src/system_stm32f4xx.o" --specs=nano.specs -mfpu=fpv4-sp-d16 -mfloat-abi=hard -mthumb -o "Core/Src/system_stm32f4xx.o"
arm-none-eabi-g++ -o "week4.elf" @"objects.list"   -mcpu=cortex-m4 -T"C:\Users\Pakap\OneDrive\desktop\FRA222\FRA222\week4\STM32F411RETX_FLASH.ld" --specs=nosys.specs -Wl,-Map="week4.map" -Wl,--gc-sections -static --specs=nano.specs -mfpu=fpv4-sp-d16 -mfloat-abi=hard -mthumb -Wl,--start-group -lc -lm -lstdc++ -lsupc++ -Wl,--end-group
Finished building target: week4.elf
 
arm-none-eabi-objdump -h -S  week4.elf  > "week4.list"
arm-none-eabi-objcopy  -O binary  week4.elf  "week4.bin"
arm-none-eabi-size   week4.elf 
   text	   data	    bss	    dec	    hex	filename
  12876	     20	   1844	  14740	   3994	week4.elf
Finished building: default.size.stdout
 
Finished building: week4.bin
 
Finished building: week4.list
 
14:21:51 **** Incremental Build of configuration Debug for project week4 ****
make -j4 all 
arm-none-eabi-size   week4.elf 
   text	   data	    bss	    dec	    hex	filename
  12876	     20	   1844	  14740	   3994	week4.elf
Finished building: default.size.stdout
 
14:21:58 **** Incremental Build of configuration Debug for project week4 ****
make -j4 all 
arm-none-eabi-size   week4.elf 
   text	   data	    bss	    dec	    hex	filename
  12876	     20	   1844	  14740	   3994	week4.elf
Finished building: default.size.stdout
 
14:22:30 **** Incremental Build of configuration Debug for project week4 ****
make -j4 all 
arm-none-eabi-size   week4.elf 
   text	   data	    bss	    dec	    hex	filename
  12876	     20	   1844	  14740	   3994	week4.elf
Finished building: default.size.stdout
 
