18:26:32 **** Incremental Build of configuration Debug for project Lab2 ****
make -j4 all 
arm-none-eabi-size   Lab2.elf 
   text	   data	    bss	    dec	    hex	filename
  11984	    152	   1672	  13808	   35f0	Lab2.elf
Finished building: default.size.stdout
 
18:26:36 **** Incremental Build of configuration Debug for project Lab2 ****
make -j4 all 
arm-none-eabi-size   Lab2.elf 
   text	   data	    bss	    dec	    hex	filename
  11984	    152	   1672	  13808	   35f0	Lab2.elf
Finished building: default.size.stdout
 
18:27:31 **** Incremental Build of configuration Debug for project Lab2 ****
make -j4 all 
arm-none-eabi-gcc "../Core/Src/main.c" -mcpu=cortex-m4 -std=gnu11 -g3 -DUSE_HAL_DRIVER -DSTM32F411xE -DDEBUG -c -I../Core/Inc -I../Drivers/STM32F4xx_HAL_Driver/Inc -I../Drivers/STM32F4xx_HAL_Driver/Inc/Legacy -I../Drivers/CMSIS/Device/ST/STM32F4xx/Include -I../Drivers/CMSIS/Include -O0 -ffunction-sections -fdata-sections -Wall -fstack-usage -MMD -MP -MF"Core/Src/main.d" -MT"Core/Src/main.o" --specs=nano.specs -mfpu=fpv4-sp-d16 -mfloat-abi=hard -mthumb -o "Core/Src/main.o"
../Core/Src/main.c: In function 'main':
../Core/Src/main.c:104:5: warning: implicit declaration of function 'buttonMatrix' [-Wimplicit-function-declaration]
     buttonMatrix();
     ^~~~~~~~~~~~
../Core/Src/main.c:117:16: warning: unused variable 'CodeStore' [-Wunused-variable]
       uint16_t CodeStore[11] = {0};
                ^~~~~~~~~
../Core/Src/main.c: At top level:
../Core/Src/main.c:291:8: warning: conflicting types for 'buttonMatrix'
   void buttonMatrix() {
        ^~~~~~~~~~~~
../Core/Src/main.c:104:5: note: previous implicit declaration of 'buttonMatrix' was here
     buttonMatrix();
     ^~~~~~~~~~~~
arm-none-eabi-g++ -o "Lab2.elf" @"objects.list"   -mcpu=cortex-m4 -T"C:\Users\Pakap\OneDrive\desktop\FRA222\FRA222\Lab2\STM32F411RETX_FLASH.ld" --specs=nosys.specs -Wl,-Map="Lab2.map" -Wl,--gc-sections -static --specs=nano.specs -mfpu=fpv4-sp-d16 -mfloat-abi=hard -mthumb -Wl,--start-group -lc -lm -lstdc++ -lsupc++ -Wl,--end-group
Finished building target: Lab2.elf
 
arm-none-eabi-objdump -h -S  Lab2.elf  > "Lab2.list"
arm-none-eabi-objcopy  -O binary  Lab2.elf  "Lab2.bin"
arm-none-eabi-size   Lab2.elf 
   text	   data	    bss	    dec	    hex	filename
  12312	    200	   1680	  14192	   3770	Lab2.elf
Finished building: default.size.stdout
 
Finished building: Lab2.bin
Finished building: Lab2.list
 
 
18:28:45 **** Incremental Build of configuration Debug for project Lab2 ****
make -j4 all 
arm-none-eabi-size   Lab2.elf 
   text	   data	    bss	    dec	    hex	filename
  12312	    200	   1680	  14192	   3770	Lab2.elf
Finished building: default.size.stdout
 
18:30:20 **** Incremental Build of configuration Debug for project Lab2 ****
make -j4 all 
arm-none-eabi-gcc "../Core/Src/main.c" -mcpu=cortex-m4 -std=gnu11 -g3 -DUSE_HAL_DRIVER -DSTM32F411xE -DDEBUG -c -I../Core/Inc -I../Drivers/STM32F4xx_HAL_Driver/Inc -I../Drivers/STM32F4xx_HAL_Driver/Inc/Legacy -I../Drivers/CMSIS/Device/ST/STM32F4xx/Include -I../Drivers/CMSIS/Include -O0 -ffunction-sections -fdata-sections -Wall -fstack-usage -MMD -MP -MF"Core/Src/main.d" -MT"Core/Src/main.o" --specs=nano.specs -mfpu=fpv4-sp-d16 -mfloat-abi=hard -mthumb -o "Core/Src/main.o"
../Core/Src/main.c: In function 'main':
../Core/Src/main.c:104:5: warning: implicit declaration of function 'buttonMatrix' [-Wimplicit-function-declaration]
     buttonMatrix();
     ^~~~~~~~~~~~
../Core/Src/main.c:117:16: warning: unused variable 'CodeStore' [-Wunused-variable]
       uint16_t CodeStore[11] = {0};
                ^~~~~~~~~
../Core/Src/main.c: At top level:
../Core/Src/main.c:291:8: warning: conflicting types for 'buttonMatrix'
   void buttonMatrix() {
        ^~~~~~~~~~~~
../Core/Src/main.c:104:5: note: previous implicit declaration of 'buttonMatrix' was here
     buttonMatrix();
     ^~~~~~~~~~~~
arm-none-eabi-g++ -o "Lab2.elf" @"objects.list"   -mcpu=cortex-m4 -T"C:\Users\Pakap\OneDrive\desktop\FRA222\FRA222\Lab2\STM32F411RETX_FLASH.ld" --specs=nosys.specs -Wl,-Map="Lab2.map" -Wl,--gc-sections -static --specs=nano.specs -mfpu=fpv4-sp-d16 -mfloat-abi=hard -mthumb -Wl,--start-group -lc -lm -lstdc++ -lsupc++ -Wl,--end-group
Finished building target: Lab2.elf
 
arm-none-eabi-objdump -h -S  Lab2.elf  > "Lab2.list"
arm-none-eabi-objcopy  -O binary  Lab2.elf  "Lab2.bin"
arm-none-eabi-size   Lab2.elf 
   text	   data	    bss	    dec	    hex	filename
  12304	    200	   1680	  14184	   3768	Lab2.elf
Finished building: default.size.stdout
Finished building: Lab2.bin
Finished building: Lab2.list
 
 
 
18:32:07 **** Incremental Build of configuration Debug for project Lab2 ****
make -j4 all 
arm-none-eabi-gcc "../Core/Src/main.c" -mcpu=cortex-m4 -std=gnu11 -g3 -DUSE_HAL_DRIVER -DSTM32F411xE -DDEBUG -c -I../Core/Inc -I../Drivers/STM32F4xx_HAL_Driver/Inc -I../Drivers/STM32F4xx_HAL_Driver/Inc/Legacy -I../Drivers/CMSIS/Device/ST/STM32F4xx/Include -I../Drivers/CMSIS/Include -O0 -ffunction-sections -fdata-sections -Wall -fstack-usage -MMD -MP -MF"Core/Src/main.d" -MT"Core/Src/main.o" --specs=nano.specs -mfpu=fpv4-sp-d16 -mfloat-abi=hard -mthumb -o "Core/Src/main.o"
../Core/Src/main.c: In function 'main':
../Core/Src/main.c:104:5: warning: implicit declaration of function 'buttonMatrix' [-Wimplicit-function-declaration]
     buttonMatrix();
     ^~~~~~~~~~~~
../Core/Src/main.c:117:16: warning: unused variable 'CodeStore' [-Wunused-variable]
       uint16_t CodeStore[11] = {0};
                ^~~~~~~~~
../Core/Src/main.c: At top level:
../Core/Src/main.c:291:8: warning: conflicting types for 'buttonMatrix'
   void buttonMatrix() {
        ^~~~~~~~~~~~
../Core/Src/main.c:104:5: note: previous implicit declaration of 'buttonMatrix' was here
     buttonMatrix();
     ^~~~~~~~~~~~
arm-none-eabi-g++ -o "Lab2.elf" @"objects.list"   -mcpu=cortex-m4 -T"C:\Users\Pakap\OneDrive\desktop\FRA222\FRA222\Lab2\STM32F411RETX_FLASH.ld" --specs=nosys.specs -Wl,-Map="Lab2.map" -Wl,--gc-sections -static --specs=nano.specs -mfpu=fpv4-sp-d16 -mfloat-abi=hard -mthumb -Wl,--start-group -lc -lm -lstdc++ -lsupc++ -Wl,--end-group
Finished building target: Lab2.elf
 
arm-none-eabi-objdump -h -S  Lab2.elf  > "Lab2.list"
arm-none-eabi-objcopy  -O binary  Lab2.elf  "Lab2.bin"
arm-none-eabi-size   Lab2.elf 
   text	   data	    bss	    dec	    hex	filename
  12312	    200	   1680	  14192	   3770	Lab2.elf
Finished building: default.size.stdout
Finished building: Lab2.bin
 
Finished building: Lab2.list
 
 
19:30:16 **** Incremental Build of configuration Debug for project Lab2 ****
make -j4 all 
arm-none-eabi-size   Lab2.elf 
   text	   data	    bss	    dec	    hex	filename
  12312	    200	   1680	  14192	   3770	Lab2.elf
Finished building: default.size.stdout
 
19:31:12 **** Incremental Build of configuration Debug for project Lab2 ****
make -j4 all 
arm-none-eabi-gcc "../Core/Src/main.c" -mcpu=cortex-m4 -std=gnu11 -g3 -DUSE_HAL_DRIVER -DSTM32F411xE -DDEBUG -c -I../Core/Inc -I../Drivers/STM32F4xx_HAL_Driver/Inc -I../Drivers/STM32F4xx_HAL_Driver/Inc/Legacy -I../Drivers/CMSIS/Device/ST/STM32F4xx/Include -I../Drivers/CMSIS/Include -O0 -ffunction-sections -fdata-sections -Wall -fstack-usage -MMD -MP -MF"Core/Src/main.d" -MT"Core/Src/main.o" --specs=nano.specs -mfpu=fpv4-sp-d16 -mfloat-abi=hard -mthumb -o "Core/Src/main.o"
../Core/Src/main.c: In function 'main':
../Core/Src/main.c:104:5: warning: implicit declaration of function 'buttonMatrix' [-Wimplicit-function-declaration]
     buttonMatrix();
     ^~~~~~~~~~~~
../Core/Src/main.c:117:16: warning: unused variable 'CodeStore' [-Wunused-variable]
       uint16_t CodeStore[11] = {0};
                ^~~~~~~~~
../Core/Src/main.c: At top level:
../Core/Src/main.c:291:8: warning: conflicting types for 'buttonMatrix'
   void buttonMatrix() {
        ^~~~~~~~~~~~
../Core/Src/main.c:104:5: note: previous implicit declaration of 'buttonMatrix' was here
     buttonMatrix();
     ^~~~~~~~~~~~
arm-none-eabi-g++ -o "Lab2.elf" @"objects.list"   -mcpu=cortex-m4 -T"C:\Users\Pakap\OneDrive\desktop\FRA222\FRA222\Lab2\STM32F411RETX_FLASH.ld" --specs=nosys.specs -Wl,-Map="Lab2.map" -Wl,--gc-sections -static --specs=nano.specs -mfpu=fpv4-sp-d16 -mfloat-abi=hard -mthumb -Wl,--start-group -lc -lm -lstdc++ -lsupc++ -Wl,--end-group
Finished building target: Lab2.elf
 
arm-none-eabi-objdump -h -S  Lab2.elf  > "Lab2.list"
arm-none-eabi-objcopy  -O binary  Lab2.elf  "Lab2.bin"
arm-none-eabi-size   Lab2.elf 
   text	   data	    bss	    dec	    hex	filename
  12312	    200	   1680	  14192	   3770	Lab2.elf
Finished building: default.size.stdout
 
Finished building: Lab2.bin
Finished building: Lab2.list
 
 
19:32:43 **** Incremental Build of configuration Debug for project Lab2 ****
make -j4 all 
arm-none-eabi-gcc "../Core/Src/main.c" -mcpu=cortex-m4 -std=gnu11 -g3 -DUSE_HAL_DRIVER -DSTM32F411xE -DDEBUG -c -I../Core/Inc -I../Drivers/STM32F4xx_HAL_Driver/Inc -I../Drivers/STM32F4xx_HAL_Driver/Inc/Legacy -I../Drivers/CMSIS/Device/ST/STM32F4xx/Include -I../Drivers/CMSIS/Include -O0 -ffunction-sections -fdata-sections -Wall -fstack-usage -MMD -MP -MF"Core/Src/main.d" -MT"Core/Src/main.o" --specs=nano.specs -mfpu=fpv4-sp-d16 -mfloat-abi=hard -mthumb -o "Core/Src/main.o"
In file included from ../Core/Src/main.c:25:0:
../Core/Src/main.c:53:15: error: initializer element is not constant
 int address = log2(ButtonMatrixState);
               ^
../Core/Src/main.c: In function 'main':
../Core/Src/main.c:105:5: warning: implicit declaration of function 'buttonMatrix' [-Wimplicit-function-declaration]
     buttonMatrix();
     ^~~~~~~~~~~~
../Core/Src/main.c:117:16: warning: unused variable 'CodeStore' [-Wunused-variable]
       uint16_t CodeStore[11] = {0};
                ^~~~~~~~~
../Core/Src/main.c: At top level:
../Core/Src/main.c:291:8: warning: conflicting types for 'buttonMatrix'
   void buttonMatrix() {
        ^~~~~~~~~~~~
../Core/Src/main.c:105:5: note: previous implicit declaration of 'buttonMatrix' was here
     buttonMatrix();
     ^~~~~~~~~~~~
make: *** [Core/Src/subdir.mk:33: Core/Src/main.o] Error 1
"make -j4 all" terminated with exit code 2. Build might be incomplete.
19:33:38 **** Incremental Build of configuration Debug for project Lab2 ****
make -j4 all 
arm-none-eabi-gcc "../Core/Src/main.c" -mcpu=cortex-m4 -std=gnu11 -g3 -DUSE_HAL_DRIVER -DSTM32F411xE -DDEBUG -c -I../Core/Inc -I../Drivers/STM32F4xx_HAL_Driver/Inc -I../Drivers/STM32F4xx_HAL_Driver/Inc/Legacy -I../Drivers/CMSIS/Device/ST/STM32F4xx/Include -I../Drivers/CMSIS/Include -O0 -ffunction-sections -fdata-sections -Wall -fstack-usage -MMD -MP -MF"Core/Src/main.d" -MT"Core/Src/main.o" --specs=nano.specs -mfpu=fpv4-sp-d16 -mfloat-abi=hard -mthumb -o "Core/Src/main.o"
In file included from ../Core/Src/main.c:25:0:
../Core/Src/main.c:53:15: error: initializer element is not constant
 int address = log2(ButtonMatrixState);
               ^
../Core/Src/main.c: In function 'main':
../Core/Src/main.c:105:5: warning: implicit declaration of function 'buttonMatrix' [-Wimplicit-function-declaration]
     buttonMatrix();
     ^~~~~~~~~~~~
../Core/Src/main.c:118:16: warning: unused variable 'CodeStore' [-Wunused-variable]
       uint16_t CodeStore[11] = {0};
                ^~~~~~~~~
../Core/Src/main.c: At top level:
../Core/Src/main.c:292:8: warning: conflicting types for 'buttonMatrix'
   void buttonMatrix() {
        ^~~~~~~~~~~~
../Core/Src/main.c:105:5: note: previous implicit declaration of 'buttonMatrix' was here
     buttonMatrix();
     ^~~~~~~~~~~~
make: *** [Core/Src/subdir.mk:33: Core/Src/main.o] Error 1
"make -j4 all" terminated with exit code 2. Build might be incomplete.
19:39:01 **** Incremental Build of configuration Debug for project Lab2 ****
make -j4 all 
arm-none-eabi-gcc "../Core/Src/main.c" -mcpu=cortex-m4 -std=gnu11 -g3 -DUSE_HAL_DRIVER -DSTM32F411xE -DDEBUG -c -I../Core/Inc -I../Drivers/STM32F4xx_HAL_Driver/Inc -I../Drivers/STM32F4xx_HAL_Driver/Inc/Legacy -I../Drivers/CMSIS/Device/ST/STM32F4xx/Include -I../Drivers/CMSIS/Include -O0 -ffunction-sections -fdata-sections -Wall -fstack-usage -MMD -MP -MF"Core/Src/main.d" -MT"Core/Src/main.o" --specs=nano.specs -mfpu=fpv4-sp-d16 -mfloat-abi=hard -mthumb -o "Core/Src/main.o"
../Core/Src/main.c: In function 'main':
../Core/Src/main.c:104:5: warning: implicit declaration of function 'buttonMatrix' [-Wimplicit-function-declaration]
     buttonMatrix();
     ^~~~~~~~~~~~
../Core/Src/main.c:117:16: warning: unused variable 'CodeStore' [-Wunused-variable]
       uint16_t CodeStore[11] = {0};
                ^~~~~~~~~
../Core/Src/main.c: At top level:
../Core/Src/main.c:291:8: warning: conflicting types for 'buttonMatrix'
   void buttonMatrix() {
        ^~~~~~~~~~~~
../Core/Src/main.c:104:5: note: previous implicit declaration of 'buttonMatrix' was here
     buttonMatrix();
     ^~~~~~~~~~~~
arm-none-eabi-g++ -o "Lab2.elf" @"objects.list"   -mcpu=cortex-m4 -T"C:\Users\Pakap\OneDrive\desktop\FRA222\FRA222\Lab2\STM32F411RETX_FLASH.ld" --specs=nosys.specs -Wl,-Map="Lab2.map" -Wl,--gc-sections -static --specs=nano.specs -mfpu=fpv4-sp-d16 -mfloat-abi=hard -mthumb -Wl,--start-group -lc -lm -lstdc++ -lsupc++ -Wl,--end-group
Finished building target: Lab2.elf
 
arm-none-eabi-objdump -h -S  Lab2.elf  > "Lab2.list"
arm-none-eabi-objcopy  -O binary  Lab2.elf  "Lab2.bin"
arm-none-eabi-size   Lab2.elf 
   text	   data	    bss	    dec	    hex	filename
  12312	    200	   1680	  14192	   3770	Lab2.elf
Finished building: default.size.stdout
Finished building: Lab2.bin
Finished building: Lab2.list
 
 
 
19:39:18 **** Incremental Build of configuration Debug for project Lab2 ****
make -j4 all 
arm-none-eabi-size   Lab2.elf 
   text	   data	    bss	    dec	    hex	filename
  12312	    200	   1680	  14192	   3770	Lab2.elf
Finished building: default.size.stdout
 
19:40:47 **** Incremental Build of configuration Debug for project Lab2 ****
make -j4 all 
arm-none-eabi-gcc "../Core/Src/main.c" -mcpu=cortex-m4 -std=gnu11 -g3 -DUSE_HAL_DRIVER -DSTM32F411xE -DDEBUG -c -I../Core/Inc -I../Drivers/STM32F4xx_HAL_Driver/Inc -I../Drivers/STM32F4xx_HAL_Driver/Inc/Legacy -I../Drivers/CMSIS/Device/ST/STM32F4xx/Include -I../Drivers/CMSIS/Include -O0 -ffunction-sections -fdata-sections -Wall -fstack-usage -MMD -MP -MF"Core/Src/main.d" -MT"Core/Src/main.o" --specs=nano.specs -mfpu=fpv4-sp-d16 -mfloat-abi=hard -mthumb -o "Core/Src/main.o"
../Core/Src/main.c: In function 'main':
../Core/Src/main.c:104:5: warning: implicit declaration of function 'buttonMatrix' [-Wimplicit-function-declaration]
     buttonMatrix();
     ^~~~~~~~~~~~
../Core/Src/main.c:117:16: warning: unused variable 'CodeStore' [-Wunused-variable]
       uint16_t CodeStore[11] = {0};
                ^~~~~~~~~
../Core/Src/main.c: At top level:
../Core/Src/main.c:291:8: warning: conflicting types for 'buttonMatrix'
   void buttonMatrix() {
        ^~~~~~~~~~~~
../Core/Src/main.c:104:5: note: previous implicit declaration of 'buttonMatrix' was here
     buttonMatrix();
     ^~~~~~~~~~~~
arm-none-eabi-g++ -o "Lab2.elf" @"objects.list"   -mcpu=cortex-m4 -T"C:\Users\Pakap\OneDrive\desktop\FRA222\FRA222\Lab2\STM32F411RETX_FLASH.ld" --specs=nosys.specs -Wl,-Map="Lab2.map" -Wl,--gc-sections -static --specs=nano.specs -mfpu=fpv4-sp-d16 -mfloat-abi=hard -mthumb -Wl,--start-group -lc -lm -lstdc++ -lsupc++ -Wl,--end-group
Finished building target: Lab2.elf
 
arm-none-eabi-objdump -h -S  Lab2.elf  > "Lab2.list"
arm-none-eabi-objcopy  -O binary  Lab2.elf  "Lab2.bin"
arm-none-eabi-size   Lab2.elf 
   text	   data	    bss	    dec	    hex	filename
  12328	    200	   1680	  14208	   3780	Lab2.elf
Finished building: default.size.stdout
Finished building: Lab2.bin
 
Finished building: Lab2.list
 
 
